[
  {
    "status": "ack",
    "attributes": {},
    "correlate": [
      "CHu"
    ],
    "createTime": "1979-12-30T00:19:10Z",
    "customer": "I0S",
    "environment": "ukX",
    "event": "8I4",
    "origin": "P0F",
    "resource": "1Bv",
    "service": [],
    "text": "VyS",
    "timeout": 35405,
    "type": "zct",
    "value": "8DN"
  },
  {
    "status": "closed",
    "attributes": {},
    "correlate": [],
    "createTime": "2026-01-25T00:09:20Z",
    "customer": "ec7",
    "environment": "LaL",
    "event": "dCG",
    "group": "Ilv",
    "rawData": "i6U",
    "resource": "oyt",
    "service": [],
    "tags": [
      "Nfm",
      "x2c"
    ],
    "text": "bGZ",
    "timeout": 7096,
    "type": "B03",
    "value": "6de"
  },
  {
    "status": "unknown",
    "correlate": [],
    "createTime": "2008-04-28T02:11:44Z",
    "customer": "LTL",
    "environment": "1wI",
    "event": "g6z",
    "group": "Y37",
    "origin": "bOM",
    "rawData": "VBd",
    "resource": "JXp",
    "service": [
      "Kcv"
    ],
    "severity": "security",
    "tags": [],
    "timeout": 28785,
    "type": "quC",
    "value": "V0k"
  },
  {
    "attributes": {},
    "correlate": [],
    "createTime": "2052-02-05T01:15:39Z",
    "environment": "hkg",
    "event": "6p5",
    "group": "RXp",
    "origin": "DPd",
    "resource": "Ory",
    "severity": "warning",
    "tags": [
      "F6K"
    ],
    "text": "rfw",
    "type": "7Sm"
  },
  {
    "status": "assign",
    "attributes": {},
    "correlate": [
      "ZgQ"
    ],
    "createTime": "2048-11-21T01:55:23Z",
    "customer": "tMa",
    "environment": "6Ne",
    "event": "ymd",
    "group": "Z3S",
    "rawData": "N6f",
    "resource": "dMb",
    "service": [
      "hY5"
    ],
    "severity": "trace",
    "tags": [
      "4iE"
    ],
    "text": "EFg",
    "timeout": 11214,
    "type": "iVy",
    "value": "Zur"
  },
  {
    "status": "ack",
    "attributes": {},
    "correlate": [],
    "createTime": "2004-12-26T00:15:54Z",
    "customer": "d7d",
    "environment": "Qri",
    "event": "Sbl",
    "group": "f54",
    "origin": "1qd",
    "rawData": "qec",
    "resource": "pfT",
    "service": [],
    "severity": "security",
    "tags": [
      "TlN",
      "klu"
    ],
    "text": "Km7",
    "timeout": 38260,
    "type": "bTc"
  },
  {
    "status": "unknown",
    "attributes": {},
    "correlate": [],
    "createTime": "2048-11-26T00:33:32Z",
    "customer": "WdI",
    "environment": "Gq4",
    "event": "z4q",
    "group": "AzA",
    "origin": "Qaf",
    "rawData": "r1Q",
    "resource": "LNH",
    "service": [],
    "severity": "major",
    "tags": [],
    "timeout": 29822,
    "type": "t03",
    "value": "rWB"
  },
  {
    "status": "open",
    "attributes": {},
    "correlate": [],
    "customer": "cVk",
    "environment": "Acs",
    "event": "aCP",
    "group": "JWO",
    "rawData": "kGH",
    "resource": "XH0",
    "service": [
      "05M"
    ],
    "severity": "minor",
    "tags": [
      "vJl",
      "PMn"
    ],
    "text": "h9y",
    "timeout": 43414,
    "type": "BBo",
    "value": "UwW"
  },
  {
    "status": "expired",
    "attributes": {},
    "correlate": [
      "N4h",
      "t7C"
    ],
    "createTime": "2060-11-23T00:20:23Z",
    "customer": "8FZ",
    "environment": "Heo",
    "event": "LwK",
    "group": "PwV",
    "origin": "6os",
    "rawData": "PLu",
    "resource": "SCr",
    "severity": "trace",
    "tags": [],
    "text": "G50",
    "timeout": 11482
  },
  {
    "status": "unknown",
    "attributes": {},
    "correlate": [
      "oHX"
    ],
    "createTime": "2052-08-09T02:07:50Z",
    "customer": "iEz",
    "environment": "YJ5",
    "event": "khc",
    "resource": "sxM",
    "service": [
      "fZy"
    ],
    "severity": "critical",
    "tags": [
      "EL7"
    ],
    "text": "Ig4",
    "timeout": 13162,
    "type": "hln",
    "value": "C2V"
  }
]
