[{"status":"ok","severityCounts":{"trace":1},"statusCounts":{"open":1},"message":"NIY","alerts":[],"total":3,"page":10,"pageSize":3,"pages":1,"more":false,"lastTime":"2001-12-27T01:28:42Z","autoRefresh":true},{"status":"error","message":"CkA"},{"status":"error","message":"abr"},{"status":"ok","severityCounts":{"debug":0},"statusCounts":{"unknown":0},"message":"ZQm","alerts":[],"total":3,"page":2,"pageSize":2,"pages":4,"more":true,"lastTime":"2059-12-26T01:58:42Z","autoRefresh":true},{"status":"ok","statusCounts":{"closed":1},"message":"aB6","alerts":[],"total":8,"page":4,"pageSize":3,"pages":4,"more":false,"lastTime":"2054-03-05T02:02:05Z","autoRefresh":true},{"status":"ok","severityCounts":{"ok":0},"statusCounts":{"expired":1},"alerts":[],"total":6,"page":9,"pageSize":5,"pages":2,"more":true,"lastTime":"2024-04-04T01:13:37Z","autoRefresh":false},{"status":"ok","severityCounts":{"security":1},"message":"tz2","alerts":[],"total":5,"page":5,"pageSize":5,"pages":1,"more":false,"lastTime":"2020-12-08T00:21:00Z","autoRefresh":false},{"status":"ok","severityCounts":{"trace":1},"statusCounts":{"open":0},"message":"e2x","alerts":[],"total":1,"page":0,"pageSize":3,"pages":4,"more":true,"lastTime":"1995-06-05T00:28:31Z","autoRefresh":false},{"status":"error","message":"VdF"},{"status":"ok","severityCounts":{"ok":0},"statusCounts":{"expired":0},"message":"0vC","alerts":[],"total":5,"page":1,"pageSize":1,"pages":4,"more":false,"lastTime":"2060-06-20T01:26:53Z","autoRefresh":true}]