[
  {
    "status": "expired",
    "attributes": {},
    "correlate": [],
    "createTime": "2041-07-29T01:09:27Z",
    "customer": "CEE",
    "duplicateCount": 0,
    "environment": "32V",
    "event": "Z7X",
    "group": "zAW",
    "history": [
      {
        "status": "open",
        "event": "VEq",
        "id": "OLADX]K;-MEbE-22]`-C8M\\-=W]7P1I_CfH@",
        "text": "4vV",
        "type": "status",
        "updateTime": "2037-06-03T01:25:16Z"
      }
    ],
    "href": "eCA",
    "id": "E@U44[7U-D\\S?-ZGe\\-cUA<->=4C:=;84FO=",
    "lastReceiveId": "ZL9Q<NXF-4=4I-G6KN-a19W-:J2OM>f1RECK",
    "lastReceiveTime": "1976-07-19T00:35:38Z",
    "origin": "4Yr",
    "rawData": "rHZ",
    "receiveTime": "2023-08-08T01:07:45Z",
    "repeat": false,
    "resource": "r25",
    "service": [
      "EqC",
      "T7h"
    ],
    "severity": "unknown",
    "tags": [
      "5Aa"
    ],
    "text": "2lP",
    "timeout": 13644,
    "trendIndication": "noChange",
    "type": "YA0",
    "value": "HlW"
  },
  {
    "status": "ack",
    "attributes": {},
    "correlate": [
      "t1t",
      "yAZ"
    ],
    "createTime": "2001-12-18T01:12:16Z",
    "customer": "4ag",
    "duplicateCount": 0,
    "environment": "p6C",
    "event": "V8b",
    "group": "3YO",
    "history": [],
    "href": "63P",
    "id": "XNa0VZWB-IWDI-6EU8-9]<C-=S7>c4dN1O@6",
    "lastReceiveTime": "2010-10-19T00:00:27Z",
    "origin": "7Af",
    "rawData": "na5",
    "receiveTime": "2016-06-20T00:59:21Z",
    "repeat": true,
    "resource": "osZ",
    "service": [
      "A2W"
    ],
    "severity": "warning",
    "tags": [
      "UFg",
      "AcX"
    ],
    "text": "rUk",
    "timeout": 33042,
    "trendIndication": "moreSevere",
    "type": "9VL",
    "value": "Nf2"
  },
  {
    "status": "expired",
    "attributes": {},
    "correlate": [
      "QXz"
    ],
    "createTime": "2032-03-29T00:53:19Z",
    "customer": "Dbh",
    "duplicateCount": 0,
    "environment": "A2m",
    "event": "gHB",
    "group": "V6W",
    "history": [],
    "href": "2Ld",
    "id": "CaYBbFIN-HCGN-d55f-YP]X-GVfUaMZTHK]C",
    "lastReceiveId": "fOP_593a-O[FN-1HBF-9<JR-Bc35daYaTV=N",
    "lastReceiveTime": "1992-10-04T02:20:18Z",
    "origin": "BqF",
    "previousSeverity": "cleared",
    "receiveTime": "1978-11-11T01:14:28Z",
    "repeat": false,
    "resource": "BlI",
    "service": [
      "lb4"
    ],
    "severity": "debug",
    "tags": [],
    "text": "L3m",
    "timeout": 432,
    "trendIndication": "lessSevere",
    "type": "W8c",
    "value": "hf7"
  },
  {
    "attributes": {},
    "correlate": [
      "ApU",
      "dUa"
    ],
    "createTime": "2015-04-06T01:39:52Z",
    "customer": "kSo",
    "duplicateCount": 0,
    "environment": "4T8",
    "event": "Ite",
    "group": "1VH",
    "history": [
      {
        "status": "assign",
        "event": "aCN",
        "id": "U_L]>1Ze-]Y<E-aY12-ROa:-QJ`3?1PE:;Se",
        "text": "dDF",
        "type": "status",
        "updateTime": "2005-04-08T00:07:43Z"
      },
      {
        "event": "k73",
        "id": "R^[RT6IO-GBHN-Q7KG-28K@-5H9R?A9JcWN=",
        "severity": "minor",
        "text": "NWg",
        "type": "severity",
        "updateTime": "2021-05-15T00:57:50Z",
        "value": "wAy"
      }
    ],
    "href": "EBx",
    "id": "G`?:S<S5-=Oa_-`WHQ-<523-:1\\3W@C4P@H8",
    "lastReceiveId": "PcG`b`E^-6E31-<6Q0-Y[9V-[^=J5^[51Y=U",
    "lastReceiveTime": "1995-12-03T02:09:07Z",
    "origin": "CT9",
    "previousSeverity": "critical",
    "rawData": "eOA",
    "receiveTime": "2011-09-03T01:08:52Z",
    "repeat": true,
    "resource": "IER",
    "service": [
      "2bx",
      "TpF"
    ],
    "severity": "security",
    "tags": [],
    "text": "Owf",
    "timeout": 24890,
    "trendIndication": "moreSevere",
    "type": "zSa",
    "value": "YRw"
  },
  {
    "attributes": {},
    "correlate": [
      "GsX",
      "dMf"
    ],
    "createTime": "2003-10-01T00:41:02Z",
    "customer": "QWp",
    "duplicateCount": 0,
    "environment": "g9t",
    "event": "GS7",
    "group": "sTY",
    "history": [
      {
        "status": "open",
        "event": "QfZ",
        "id": "A25FE1LV-OPTd-OS?:-:GT7-4f4ACCX[?V@A",
        "text": "zAo",
        "type": "status",
        "updateTime": "2017-12-19T00:31:28Z"
      },
      {
        "event": "6lb",
        "id": "BEMdM;PE-aeJX-2RL[-FBaJ-Q146N4_[b6E`",
        "severity": "major",
        "text": "5D6",
        "type": "severity",
        "updateTime": "2034-01-30T01:58:25Z",
        "value": "QER"
      }
    ],
    "href": "HF7",
    "id": "4X7>B<2\\-[X0@-6]AZ-98:F-fKG6=X0W^;ZF",
    "lastReceiveId": "F3OZd>79-G5:P-=?eP-XZFN-_]RWUAEY?NBC",
    "lastReceiveTime": "2029-10-18T00:34:22Z",
    "origin": "mVV",
    "previousSeverity": "debug",
    "receiveTime": "1995-05-30T02:10:16Z",
    "repeat": true,
    "resource": "4YV",
    "service": [
      "cVH"
    ],
    "severity": "ok",
    "tags": [
      "qxw"
    ],
    "text": "6Vq",
    "timeout": 27237,
    "trendIndication": "moreSevere",
    "type": "Eyf",
    "value": "kxf"
  },
  {
    "attributes": {},
    "correlate": [
      "oQQ",
      "QQq"
    ],
    "createTime": "2000-02-21T01:53:59Z",
    "customer": "vrZ",
    "environment": "Ti4",
    "event": "40Y",
    "group": "upx",
    "history": [
      {
        "event": "tBB",
        "id": "<[<`GXI4-S2BD-VN3]-22dG-`c86_W8cS6;Q",
        "severity": "ok",
        "text": "cUC",
        "type": "severity",
        "updateTime": "2027-09-18T01:51:15Z",
        "value": "mN5"
      },
      {
        "status": "assign",
        "event": "EQu",
        "id": "PM@@=b<f-EJcR-J_VM-R6cU-LX?7bX3Z\\7``",
        "text": "qSb",
        "type": "status",
        "updateTime": "2047-02-13T01:23:52Z"
      }
    ],
    "href": "tcT",
    "id": "M[:X;@YH-?EcE-NZ[K-?X@Y-S=RBL@@S6_TB",
    "lastReceiveId": "VF4RYFRO-c_\\=-E=bb-;S@=-=dAINfe_5FZe",
    "lastReceiveTime": "2015-04-24T01:21:15Z",
    "origin": "1Al",
    "previousSeverity": "ok",
    "rawData": "DI6",
    "receiveTime": "1991-05-10T01:23:09Z",
    "repeat": false,
    "resource": "kl6",
    "service": [
      "7Ca",
      "qRF"
    ],
    "severity": "normal",
    "tags": [
      "QMM",
      "xVD"
    ],
    "text": "62F",
    "timeout": 11097,
    "trendIndication": "lessSevere",
    "type": "YpH",
    "value": "9WA"
  },
  {
    "status": "assign",
    "attributes": {},
    "correlate": [
      "Sff",
      "e5T"
    ],
    "createTime": "2050-03-14T01:48:34Z",
    "customer": "aJ5",
    "duplicateCount": 0,
    "environment": "lrx",
    "event": "CDb",
    "group": "9EN",
    "history": [],
    "href": "D9S",
    "id": "Ld1a[;P@-M7?B-QDT5-`1PE-H`KYZ66<DS6>",
    "lastReceiveId": "U<`@DH^I-KFaP-AR^6-TL`S-<9G]<8bR5=30",
    "lastReceiveTime": "2025-08-28T00:08:46Z",
    "origin": "3Bd",
    "previousSeverity": "cleared",
    "rawData": "Nfz",
    "receiveTime": "2041-12-20T01:05:15Z",
    "repeat": true,
    "resource": "zq3",
    "service": [],
    "severity": "unknown",
    "tags": [
      "PNd",
      "8ix"
    ],
    "text": "cIc",
    "timeout": 21418,
    "trendIndication": "noChange",
    "type": "SA0",
    "value": "m7Z"
  },
  {
    "status": "closed",
    "attributes": {},
    "correlate": [],
    "createTime": "2046-12-01T00:50:57Z",
    "customer": "mHL",
    "environment": "9Jh",
    "event": "CP7",
    "group": "6Vz",
    "history": [],
    "href": "SWp",
    "id": "@8264]^d-_]F;-J8>@-cXN3-BGK7G3>ZPALE",
    "lastReceiveTime": "2042-03-25T00:29:29Z",
    "origin": "x0z",
    "rawData": "dH4",
    "receiveTime": "1986-12-06T00:04:37Z",
    "repeat": false,
    "resource": "PlF",
    "service": [
      "IhY",
      "pgD"
    ],
    "severity": "warning",
    "tags": [
      "6Y3",
      "UMM"
    ],
    "text": "Dyz",
    "timeout": 21641,
    "type": "3Ez",
    "value": "CqY"
  },
  {
    "status": "unknown",
    "attributes": {},
    "correlate": [],
    "createTime": "1986-05-02T00:48:52Z",
    "duplicateCount": 0,
    "environment": "wt0",
    "event": "EYt",
    "group": "KDT",
    "history": [
      {
        "event": "BHG",
        "id": "dN@L`=?F-K`M5-fI[I-@77<-ceE36^ASQL9F",
        "severity": "debug",
        "text": "wsQ",
        "type": "severity",
        "updateTime": "2000-04-26T01:43:14Z",
        "value": "bJQ"
      }
    ],
    "href": "FDF",
    "id": "90N_=LPG-X>Tc-IL^E-I]7P-R`V>:bGbX5M]",
    "lastReceiveId": ":Q9:U@8L-MH@Z-6DD8-Za<H-6>Z62^?2KKfL",
    "lastReceiveTime": "1974-03-12T01:41:23Z",
    "origin": "2kE",
    "previousSeverity": "major",
    "rawData": "unq",
    "receiveTime": "1990-10-28T00:58:45Z",
    "repeat": false,
    "resource": "hQI",
    "service": [
      "HiF",
      "LG8"
    ],
    "severity": "normal",
    "tags": [],
    "text": "kke",
    "timeout": 29839,
    "trendIndication": "noChange",
    "type": "nSP",
    "value": "Ffo"
  },
  {
    "status": "closed",
    "attributes": {},
    "correlate": [
      "pmM"
    ],
    "createTime": "1995-07-06T00:31:26Z",
    "customer": "aiY",
    "environment": "gOb",
    "event": "C8z",
    "group": "GD9",
    "history": [],
    "href": "wbA",
    "id": "]_GV;112-FCA?-G9bO-AZ_c-W?_3[[Q>IZ?`",
    "lastReceiveId": "<2^KHH\\K-:7aS-bFMW-Y6a;-2>HZ;\\IT5KH?",
    "lastReceiveTime": "1986-08-26T02:05:56Z",
    "origin": "HYq",
    "previousSeverity": "normal",
    "rawData": "XT3",
    "receiveTime": "2003-06-01T00:41:21Z",
    "resource": "3M0",
    "service": [],
    "severity": "security",
    "tags": [
      "8JP",
      "QvA"
    ],
    "text": "NYD",
    "timeout": 4604,
    "trendIndication": "noChange",
    "type": "9va",
    "value": "GnI"
  }
]