[
  "z2yu3GfEXamZvB3cpbzgkFKOdRFJ6iUrJn1ZsVfW",
  "1HPcwlvrN_zlPidxh8lMfSRk9l8-WvFJSwH98uR-",
  "ds1VdIXiB0tthpU3LagULKZV56tAWZIESdFz0a9J",
  "pn-OLJ9ZJzlxqVdkXAb4ZOcq7_xZUPVB256fd4ea",
  "Y13t17OSXvE-aCzSbwJ32c2t0koN4_Llh-MHYIwV",
  "AEz_u9_q7vmbDp3OVx8zLtaURCxwwRbXt74xA6dJ",
  "EdIDlu5Rf_CuJ7vLhEQcDYC2BZGrBEEZucHAxZO7",
  "IIrrtx8Zwh3f-YZuyBhcf-nDoyDfDB2w60Ktf0d7",
  "rfpQMD_qAwc2tas0BsYuGxy-R0mfuwAm9W1l7R73",
  "ThLl3HDPZcRHE8ZGDORBl1J1ues2dpuVuARlc5vl"
]
