[
  {
    "count": 1,
    "customer": "A4VG5",
    "expireTime": "1998-04-01T02:34:16Z",
    "key": "H_4J4mZxQswFLOC4I0BErrygy_CiS0PBENfEKt1S",
    "lastUsedTime": "2009-04-03T04:00:04Z",
    "text": "CW0",
    "type": "read-only",
    "user": "k27a@I1DM.com.au"
  },
  {
    "count": 0,
    "customer": "s2acf",
    "expireTime": "2050-09-24T06:34:47Z",
    "key": "4w7_NRZs2qdY6sEZmg4EGHbEfUabMJdiD0PCQ2IJ",
    "lastUsedTime": "1995-06-04T07:04:27Z",
    "text": "1m8",
    "type": "read-write",
    "user": "zFf@yMik.com"
  },
  {
    "count": 1,
    "customer": "obH1G",
    "expireTime": "2056-12-28T03:42:45Z",
    "key": "zokQADhGvaBXZL6WqKnw3vvyDccMNZihlkZVW98_",
    "lastUsedTime": "1991-09-13T05:19:31Z",
    "text": "PPR",
    "type": "read-only",
    "user": "Z5KuZ@WEn.org"
  },
  {
    "count": 1,
    "customer": "MbJ",
    "expireTime": "2043-12-21T06:24:28Z",
    "key": "M8rvK21TzyX_Uc7AV6i2GdcTBkQgC-91127wsLKV",
    "lastUsedTime": "2052-01-12T04:59:33Z",
    "text": "xcy",
    "type": "read-only",
    "user": "6hDOv@JfE.org"
  },
  {
    "count": 1,
    "customer": "hk6r",
    "expireTime": "2026-11-17T03:42:26Z",
    "key": "9LYAd7TDFK2iEax7l9N8MXPKewsq6pmyyiQmB0uR",
    "lastUsedTime": "2055-11-04T00:03:53Z",
    "text": "qWiM",
    "type": "read-write",
    "user": "o64b@UPs1.com"
  },
  {
    "count": 0,
    "customer": "21p",
    "expireTime": "2034-02-17T07:05:17Z",
    "key": "_GA8xJJyUKDDFlid3BQfUlyVYySh2PYKFK9FyQOQ",
    "lastUsedTime": "1977-04-18T01:30:33Z",
    "text": "UnJh",
    "type": "read-only",
    "user": "674@v1c.com.au"
  },
  {
    "count": 1,
    "customer": "51V0",
    "expireTime": "2016-02-15T06:47:32Z",
    "key": "neLI4aqG-5HNVghbTFOe3gWQg0DXxZG5FzGDrzoN",
    "lastUsedTime": "1975-08-21T03:22:45Z",
    "text": "2nrcz",
    "type": "read-only",
    "user": "9Bp6@hdw.net"
  },
  {
    "count": 0,
    "customer": "MxW44",
    "expireTime": "1998-09-26T04:42:52Z",
    "key": "lFV5KPVXaqzFwm-hCqRqkz_KAKrN1VyQPS6lT5hl",
    "lastUsedTime": "2031-08-17T04:49:45Z",
    "text": "lKxz",
    "type": "read-only",
    "user": "53V@hRF.net"
  },
  {
    "count": 1,
    "customer": "kdVf",
    "expireTime": "2039-02-04T04:38:51Z",
    "key": "nPLcafAQDc-ZMzCqMq5y32Y5aG-OvEwMnDB2THTm",
    "lastUsedTime": "2008-05-18T07:14:02Z",
    "text": "DQX",
    "type": "read-write",
    "user": "46Re1@CHsA.org"
  },
  {
    "count": 1,
    "customer": "zkRAi",
    "expireTime": "2032-10-09T06:08:08Z",
    "key": "_WzHNwIhM8BgVEyMtp5lnx3Txs-q0_Wt2IgmBpzB",
    "lastUsedTime": "1988-04-14T05:57:42Z",
    "text": "lUSyY",
    "type": "read-only",
    "user": "Jywy@pAR.com.au"
  }
]
