[
  {
    "customer": "bbIu",
    "duration": 1,
    "endTime": "2024-01-11T05:00:23Z",
    "environment": "zzPd3",
    "event": "JHRC",
    "group": "eGFH",
    "id": "dXOBYCQe-GD23-CZQe-DYRE-A5fZ>T5KO_V1",
    "priority": 0,
    "resource": "dKX",
    "service": [],
    "startTime": "1987-01-06T04:44:49Z",
    "tags": []
  },
  {
    "customer": "sf4",
    "duration": 0,
    "endTime": "2009-04-27T04:40:36Z",
    "environment": "0sv0r",
    "event": "dulwb",
    "group": "aDbG",
    "id": "2RDC_f0?-L\\I<-LM;f-;H:L-N[YeQW87bW_H",
    "priority": 0,
    "resource": "7xg",
    "service": [],
    "startTime": "2051-10-25T00:46:51Z",
    "tags": [
      "NfvCh"
    ]
  },
  {
    "customer": "PvR",
    "duration": 0,
    "endTime": "2059-08-28T02:54:31Z",
    "environment": "WUT",
    "event": "xtu",
    "group": "GQ0i",
    "id": "1X00DUb2-OLXb-A3;d-`;=M-XHDP\\[ZFP<9G",
    "priority": 1,
    "resource": "XJl58",
    "service": [],
    "startTime": "1981-01-16T05:49:31Z",
    "tags": []
  },
  {
    "customer": "CQk",
    "duration": 0,
    "endTime": "2013-05-29T06:07:23Z",
    "environment": "7VWW",
    "event": "5YI",
    "group": "7MbC",
    "id": "a4262C;>-3SSQ-[?Z^-3df@-a;S_>10F;:]H",
    "priority": 1,
    "resource": "81Dq",
    "service": [],
    "startTime": "1977-04-06T01:24:49Z",
    "tags": [
      "Izqn"
    ]
  },
  {
    "customer": "tFkEv",
    "duration": 3,
    "endTime": "2058-10-09T01:12:32Z",
    "environment": "FP0",
    "event": "4AnD",
    "group": "0UZ",
    "id": ">J6S<<[U-LCG?-;:<\\-S^SB-I<K7NMB>0VEN",
    "priority": 0,
    "resource": "MlsFl",
    "service": [
      "NnD"
    ],
    "startTime": "2019-07-27T01:49:15Z",
    "tags": []
  },
  {
    "customer": "x6s",
    "duration": 3,
    "endTime": "2035-10-20T00:17:23Z",
    "environment": "HBpE",
    "event": "mEby",
    "group": "Vq4",
    "id": "1`4C5?8c-a>3\\-?7Q>-=JaU-V9CeUT^<2`:c",
    "priority": 1,
    "resource": "TY9T",
    "service": [
      "oWib"
    ],
    "startTime": "1998-04-28T04:25:25Z",
    "tags": []
  },
  {
    "customer": "hID",
    "duration": 2,
    "endTime": "2022-06-24T02:46:52Z",
    "environment": "fgwnt",
    "event": "s7yp5",
    "group": "BZQ",
    "id": "8XEZ;eLX-eUT4-GF:F-0Ad9-2VXE9GS5XJ3;",
    "priority": 0,
    "resource": "Dhs",
    "service": [],
    "startTime": "2046-12-17T02:32:07Z",
    "tags": [
      "hXJd"
    ]
  },
  {
    "duration": 0,
    "endTime": "1978-05-30T04:45:08Z",
    "environment": "S3eT",
    "event": "Wq8Ni",
    "group": "SSUdQ",
    "id": "cXYB]T<e-4>\\I-1aHY-O?K5-@_Xcc9`Wd`^1",
    "priority": 0,
    "resource": "qIA",
    "startTime": "2035-01-25T02:32:40Z",
    "tags": []
  },
  {
    "customer": "wBx",
    "duration": 1,
    "endTime": "1971-07-10T03:00:55Z",
    "environment": "MKh",
    "event": "SWF",
    "group": "3G3",
    "id": ">9O<1<OK-G4f`-Q2@E-W1C1-MD8\\BLeEbF6;",
    "priority": 1,
    "service": [],
    "startTime": "2047-02-06T06:11:37Z",
    "tags": []
  },
  {
    "customer": "bxph",
    "duration": 3,
    "endTime": "2035-07-27T01:07:10Z",
    "environment": "BHq",
    "event": "FcA1v",
    "group": "JeN",
    "id": "5]D`^X[]-2YDQ-7d:S-I>cI-MV@2JOB677^A",
    "priority": 1,
    "resource": "BWFBQ",
    "service": [
      "1E9"
    ],
    "startTime": "1989-03-25T06:53:23Z",
    "tags": []
  }
]
