[
  {
    "duration": 3,
    "endTime": "2042-03-08T00:33:09Z",
    "environment": "cMuF",
    "event": "BPB",
    "group": "Hsd2",
    "resource": "XY1k",
    "service": "2x4",
    "startTime": "1975-11-26T02:06:56Z",
    "tags": []
  },
  {
    "duration": 2,
    "environment": "zEd",
    "event": "Vl46M",
    "group": "iwV",
    "resource": "3yBTZ",
    "service": "7HSzT",
    "startTime": "2033-09-27T01:57:35Z",
    "tags": []
  },
  {
    "duration": 2,
    "endTime": "2037-07-03T03:02:47Z",
    "environment": "OeOa",
    "event": "3Vz",
    "group": "cZVvX",
    "resource": "It4l0",
    "service": "CwOd",
    "startTime": "2059-07-05T03:12:39Z",
    "tags": []
  },
  {
    "duration": 2,
    "endTime": "1994-10-17T03:15:19Z",
    "environment": "qMbDa",
    "event": "1gsE",
    "group": "eHVc9",
    "resource": "ciP",
    "service": "9cK",
    "startTime": "2002-01-31T02:25:44Z",
    "tags": []
  },
  {
    "duration": 3,
    "endTime": "1974-10-13T04:57:53Z",
    "environment": "aef",
    "event": "yo5",
    "group": "de6",
    "resource": "REftf",
    "service": "YQpRE",
    "startTime": "1979-12-23T02:51:42Z",
    "tags": []
  },
  {
    "duration": 3,
    "endTime": "1981-02-19T00:51:31Z",
    "environment": "rObeL",
    "event": "ZOP",
    "group": "8JOR",
    "resource": "c5AC",
    "service": "JF3",
    "startTime": "2021-11-17T05:31:31Z",
    "tags": [
      "DtOx"
    ]
  },
  {
    "duration": 1,
    "endTime": "1987-08-03T05:27:58Z",
    "environment": "qg3D",
    "event": "wWxp",
    "group": "5hF",
    "resource": "mrNr",
    "service": "BOP",
    "startTime": "2035-11-24T05:34:36Z"
  },
  {
    "duration": 3,
    "endTime": "1971-07-31T01:11:55Z",
    "environment": "UQQg",
    "event": "fkRQ",
    "group": "bUso",
    "resource": "TAbr",
    "service": "R57BK",
    "startTime": "2032-03-20T01:12:37Z",
    "tags": [
      "g1IZ3"
    ]
  },
  {
    "duration": 0,
    "endTime": "2013-03-22T02:03:58Z",
    "environment": "hBaG",
    "event": "xNH",
    "group": "TUStu",
    "resource": "9c9x",
    "service": "frO2K",
    "startTime": "2047-12-01T07:02:34Z",
    "tags": []
  },
  {
    "duration": 1,
    "endTime": "2023-09-02T06:29:16Z",
    "environment": "2CH",
    "event": "2I7b",
    "group": "hbWCX",
    "resource": "7Vk",
    "service": "L0gLF",
    "startTime": "1997-05-30T06:48:45Z",
    "tags": []
  }
]
