[
  "pending",
  "expired",
  "expired",
  "expired",
  "expired",
  "pending",
  "expired",
  "active",
  "expired",
  "pending"
]