[
  {
    "customer": "mdaY",
    "type": "read-only",
    "user": "qJqx@xq.net"
  },
  {
    "customer": "ueX",
    "text": "JfQ",
    "type": "read-only",
    "user": "uLEp@x7.com.au"
  },
  {
    "customer": "B8Qvn",
    "type": "read-write",
    "user": "fanLQ@pXho.org"
  },
  {
    "customer": "tqW",
    "text": "7BC2K",
    "type": "read-write",
    "user": "TXCf9@DGnM.org"
  },
  {
    "customer": "I9z",
    "text": "UDH",
    "user": "9AaOE@mnZ5.com"
  },
  {
    "customer": "auCw",
    "user": "L0zx@zz.org"
  },
  {
    "customer": "T76",
    "text": "w8gI",
    "type": "read-only",
    "user": "oCU@ng.com"
  },
  {
    "customer": "sLO",
    "text": "XVX",
    "type": "read-write",
    "user": "NPs@hT.org"
  },
  {
    "customer": "PgAO1",
    "text": "tET",
    "type": "read-only",
    "user": "yaXb@7qh.com.au"
  },
  {
    "customer": "swWdL",
    "text": "lIxZd",
    "type": "read-write",
    "user": "HZwhq@30.org"
  }
]
