[{"status":"error","message":"yvp"},{"status":"error","message":"1wP"},{"status":"error","message":"JMW"},{"status":"ok","alert":{"severity":"critical","status":"closed","rawData":"EqP","duplicateCount":0,"repeat":false,"previousSeverity":"indeterminate","trendIndication":"noChange","lastReceiveId":"dJU0T`ff-b=ZS-ERD0-BH2D-DaQXXFXR23e^","id":"eIUfG_[?-SWQ\\-OPQN-VQKc-;@DPH6>dFN>O","resource":"0fq","event":"Jt2","environment":"4af","correlate":[],"service":["oom"],"group":"Hz9","value":"IuW","text":"XZE","tags":[],"attributes":{},"origin":"noi","type":"mrA","createTime":"2060-02-04T02:17:24Z","timeout":26842,"receiveTime":"1995-02-06T01:56:50Z","lastReceiveTime":"2051-04-14T02:19:40Z","history":[],"href":"Jui"},"message":"XbT","id":"QCZOPCCL-N?TO-V?U>-9N9b-4Z_WV=3[b_7W"},{"status":"ok","alert":{"severity":"normal","status":"assign","rawData":"YQM","customer":"79z","duplicateCount":0,"repeat":true,"previousSeverity":"security","trendIndication":"noChange","lastReceiveId":";[@\\1Q@e-4J]V-V;K@-DdbY-;S23Y1^7N>W8","id":"ZRXZA37@-J^VN-GM00-6BRQ-?JKRV_1`<FQ[","resource":"kgU","event":"5km","environment":"UPq","correlate":["sav","6CG"],"service":[],"group":"TwZ","value":"Con","text":"9s1","tags":["4XR","z4n"],"attributes":{},"origin":"pew","type":"kpU","createTime":"2060-10-14T01:23:24Z","timeout":41417,"receiveTime":"2057-05-02T00:59:45Z","lastReceiveTime":"2005-12-07T01:54:20Z","history":[{"type":"severity","event":"E5U","severity":"major","text":"wg6","id":"FT30;N95-Q13L-`e@f-NOB8-fEHZ3^DNO_U\\","updateTime":"2032-09-05T00:31:54Z","value":"qRI"},{"type":"status","event":"Ju2","status":"closed","text":"ZRd","id":"MC8=31bL-[VYC-RJ`2-N<1a-BJ`C[9FL7^2`","updateTime":"2032-11-19T01:43:36Z"}],"href":"3MT"},"message":"vee","id":"CHCWE7fc-cZaP-Ve>?-A3[K-HTMV8WS\\IB<0"},{"status":"error","message":"oO8"},{"status":"ok","alert":{"severity":"normal","status":"unknown","rawData":"0CO","customer":"qDg","duplicateCount":0,"repeat":false,"previousSeverity":"normal","lastReceiveId":"5IFEed0O-XMOL-<Cd<-B`?H-=Z22f0d73;c9","id":"ZGUdbMd6-7KBQ-LJLB-Lf:\\-L]KSP;VY>Pb6","resource":"vQa","event":"HXd","environment":"nd9","correlate":["eIX"],"service":["nx5","Nlb"],"group":"v3a","value":"XLV","text":"CKJ","tags":["JzB"],"attributes":{},"origin":"s8h","type":"eKp","createTime":"1998-02-04T00:50:47Z","timeout":24464,"receiveTime":"2011-06-29T01:42:33Z","lastReceiveTime":"1977-09-01T01:56:34Z","history":[{"type":"status","event":"dMF","status":"unknown","text":"MKy","id":">UM2a\\f0-Q?J0-1HNJ-N2=2-EHa<;^2]K=AZ","updateTime":"2055-12-08T01:05:19Z"}],"href":"RmQ"},"message":"YKr","id":"aE=AUW5X-Ub<=-`a9M-TR0]-fIeWS\\E@76XG"},{"status":"error","message":"x8E"},{"status":"error","message":"IXM"},{"status":"ok","id":"ZTdNKO@W-FJ1U-AX\\V-e<N^-b<DN`8BTSZZ4"}]