[
  {
    "customer": "APY",
    "match": "dXu"
  },
  {
    "customer": "BKo",
    "match": "U46"
  },
  {
    "customer": "g5d",
    "match": "eKS"
  },
  {
    "customer": "7Eu",
    "match": "Wxu"
  },
  {
    "customer": "xoJ",
    "match": "g3p"
  },
  {
    "customer": "o4M",
    "match": "nPs"
  },
  {
    "customer": "1Y8",
    "match": "2aQ"
  },
  {
    "customer": "SZX",
    "match": "eWo"
  },
  {
    "customer": "rCV",
    "match": "yod"
  },
  {
    "customer": "doX",
    "match": "mUs"
  }
]
