[
  {
    "customer": "Pi55Y",
    "id": "O:[ZKN\\4-^Eb4-<HQ5-]c\\G-94ad;W;RE<ND",
    "match": "LTxsn"
  },
  {
    "customer": "3AigH",
    "id": "[UV@8NL>-VVKV-]6?5-[EC_-3Q[>?MR;53fP",
    "match": "QRk"
  },
  {
    "customer": "UHP",
    "id": "G]cNV9<J-0]fY-fQR;-aVXD-\\U<>AHDJ8\\;V",
    "match": "wyCsZ"
  },
  {
    "customer": "QHS8",
    "id": "XGe8eRI>-JX<O-L4[^-UFK=-PH7CQ<R9JcU_",
    "match": "pSR"
  },
  {
    "customer": "BCeu",
    "id": "7NH?`1SC-Q:0L-dB4Y->FLF-@cJZXG6U3V@1",
    "match": "9Ry"
  },
  {
    "customer": "tVQQZ",
    "id": "8W[09dT\\-P93]-:9ZK-8T<D-:OS\\BGF`bWCC",
    "match": "Yw6w"
  },
  {
    "customer": "T60i",
    "id": "T0O6I`^9-2;:3-0Ff^-feb<-WVVCdPMQ0K:C",
    "match": "zIcN"
  },
  {
    "customer": "rWQv",
    "id": "^U8\\:cRW-4?4F-36?A-5`XK-<2YHO2bO6R2J",
    "match": "UGLm"
  },
  {
    "customer": "yD2",
    "id": "B?f2JdUZ-BZVU-3YV<-WQMG-UJ2XTPKR7EC\\",
    "match": "Ykf4w"
  },
  {
    "customer": "zVrM",
    "id": "5RKSP?H:-XbJ7-_=3F-8^Z[-DLCRL]?4cXGJ",
    "match": "mGUlx"
  }
]
