[
  {
    "count": 1,
    "environment": "b4Cx"
  },
  {
    "count": 0,
    "environment": "npAv"
  },
  {
    "count": 0,
    "environment": "oL309"
  },
  {
    "count": 1,
    "environment": "KkQv"
  },
  {
    "count": 1,
    "environment": "RMiF"
  },
  {
    "count": 1,
    "environment": "nQiMJ"
  },
  {
    "count": 1,
    "environment": "caId"
  },
  {
    "count": 1,
    "environment": "xY1"
  },
  {
    "count": 0,
    "environment": "h9sB"
  },
  {
    "count": 1,
    "environment": "aaJbJ"
  }
]
