[
  {
    "attributes": {},
    "environment": "4dH",
    "event": "5pY",
    "group": "kiM",
    "id": "APPJLHJT-BKKJ-M5CT-=KUe-^\\RAMM3R?B;<",
    "origin": "2ha",
    "resource": "oMH",
    "service": [],
    "severity": "critical",
    "tags": [],
    "text": "tAe",
    "type": "severity",
    "updateTime": "2024-03-16T00:11:25Z",
    "value": "EoQ"
  },
  {
    "status": "expired",
    "attributes": {},
    "customer": "pe4",
    "environment": "g1t",
    "event": "gLm",
    "group": "QLU",
    "id": "LCPG8fLC-0>>L-;<Q[-WQ?b-8MJY3]14OO_M",
    "origin": "v1v",
    "resource": "dLQ",
    "service": [],
    "tags": [],
    "text": "k5K",
    "type": "status",
    "updateTime": "2024-03-16T01:53:56Z"
  },
  {
    "status": "closed",
    "attributes": {},
    "customer": "lOu",
    "environment": "isZ",
    "event": "gUq",
    "group": "4e1",
    "id": "QAMW185^->THE-d97?-4KNB-[[:ED:=D]bH7",
    "origin": "9zi",
    "resource": "1mn",
    "service": [],
    "tags": [],
    "text": "EIV",
    "type": "status",
    "updateTime": "2035-03-01T01:00:27Z"
  },
  {
    "status": "assign",
    "attributes": {},
    "customer": "k3F",
    "environment": "nfy",
    "event": "Qkx",
    "group": "CzQ",
    "id": "7AI>0V4R-K0D3-X;ZB-G3J>-fUR3`Q4W[TDS",
    "origin": "nQn",
    "resource": "h1v",
    "service": [],
    "tags": [],
    "text": "EIx",
    "type": "status",
    "updateTime": "2006-09-09T00:51:34Z"
  },
  {
    "status": "assign",
    "attributes": {},
    "environment": "nrm",
    "event": "YWc",
    "group": "ZCk",
    "id": "P8L7JLb9-B2Z>-N8@N-JF2P-B5NYPeXbL^NT",
    "origin": "QKN",
    "resource": "iNW",
    "service": [],
    "tags": [],
    "text": "kK7",
    "type": "status",
    "updateTime": "1974-01-22T01:51:41Z"
  },
  {
    "status": "open",
    "attributes": {},
    "customer": "gIu",
    "environment": "eLg",
    "event": "9mh",
    "group": "kgi",
    "id": "L8?RAf3Q-BEf4-bK5>-ce]E-S@JD:?OfE33V",
    "origin": "3Pe",
    "resource": "gBm",
    "service": [],
    "tags": [],
    "text": "RNm",
    "type": "status",
    "updateTime": "1978-10-11T00:06:39Z"
  },
  {
    "status": "unknown",
    "attributes": {},
    "environment": "PZ3",
    "event": "wXv",
    "group": "3Fn",
    "id": "?<Wb]A`E-0dKL-<]Bf-1Z:N-^EbT5Z6>bE^L",
    "origin": "9kc",
    "resource": "FDK",
    "service": [],
    "tags": [],
    "text": "6BP",
    "type": "status",
    "updateTime": "1987-11-01T00:34:51Z"
  },
  {
    "status": "expired",
    "attributes": {},
    "customer": "5vU",
    "environment": "LOV",
    "event": "70s",
    "group": "yg4",
    "id": "N`9QJM8=-Z;BQ-P2NV-9]@?-2^@4]3]7D>6B",
    "origin": "YdK",
    "resource": "bAQ",
    "service": [],
    "tags": [],
    "text": "iPN",
    "type": "status",
    "updateTime": "2036-01-08T02:24:44Z"
  },
  {
    "attributes": {},
    "customer": "B2M",
    "environment": "iSd",
    "event": "nGy",
    "group": "KBy",
    "id": "L3VAT7D_-CJd:-fY4@-^d:?-@BfNYdU_MLUG",
    "origin": "33Q",
    "resource": "Vtu",
    "service": [],
    "severity": "informational",
    "tags": [],
    "text": "dfW",
    "type": "severity",
    "updateTime": "2022-11-05T00:43:00Z",
    "value": "E7N"
  },
  {
    "attributes": {},
    "customer": "mwT",
    "environment": "MTl",
    "event": "ODc",
    "group": "YvD",
    "id": "CG4=]f?=-:G>N-<f]]-H0UY-WHH>FTaa:S;f",
    "origin": "BPv",
    "resource": "uOs",
    "service": [],
    "severity": "trace",
    "tags": [],
    "text": "OBi",
    "type": "severity",
    "updateTime": "2028-12-03T01:24:09Z",
    "value": "CKW"
  }
]