[{"createTime":"2014-07-11T00:22:18Z","id":":;UTJ[@U-?Ja7-]JV8-_>]M-dTIO<S?Ed\\FC","name":"ogb","login":"dqZ@qR.com.au","provider":"dWG","role":"user","text":"3BL","email_verified":true},{"createTime":"2031-03-29T00:09:44Z","id":"FW3D3<1?-EP43-=K4]-OcMT-@@fS2GRY?G[f","name":"cs2","login":"puH@dQ.com","provider":"fmc","role":"user","text":"Y1S","email_verified":false},{"createTime":"1992-02-16T00:35:46Z","id":"5`DH9R=M-[^6^-SP>F-ZLb9-8P=6R^DEBB:e","name":"nvY","login":"neP@WI.com","provider":"VgV","role":"user","text":"Np9","email_verified":true},{"createTime":"1988-06-28T00:03:54Z","id":"XG?OJD;C-`G_R-^<`M-ZcG@-046;`6TW08^5","name":"tIE","login":"k9v@eN.net","provider":"RXo","role":"admin","text":"UN2","email_verified":true},{"createTime":"2052-08-08T01:27:32Z","id":"PBXKP3O5-=<JP-`ZTf-P0]8-;F^5N1`KV:WR","name":"mUT","login":"bpS@qg.org","provider":"3Mn","role":"user","text":"9zL","email_verified":true},{"createTime":"2027-09-23T01:54:07Z","id":"2;DC^U7]-;KH\\-Z7BL-:9EH-;7:=JB`e[eCW","name":"f5x","login":"aDh@Ru.net","provider":"1by","role":"admin","text":"l93","email_verified":false},{"createTime":"2018-11-29T01:54:11Z","id":">:bRA_`1-I2_`-9bdF-J3MG-bFEL1I`\\cZMD","name":"4hw","login":"hrR@55.org","provider":"TZm","role":"admin","text":"LvN","email_verified":false},{"createTime":"2020-12-18T01:17:30Z","id":"2]BLSb6R-TIU4-`KZB-7@0a-KRT;RTbd:U9=","name":"ooR","login":"Xom@Fk.org","provider":"oRl","role":"admin","text":"3aR","email_verified":true},{"createTime":"2034-04-08T00:39:47Z","id":"9P5\\bYK3-1@57-]?I\\-aCPK-ZSSeTGL`QMa8","name":"w1v","login":"Vfh@pu.com.au","provider":"Wb7","role":"user","text":"THB","email_verified":false},{"createTime":"1989-10-26T01:48:29Z","id":"2=IJS=>7-=9V=-DKHQ-2W6H-e]DXc3]V>>T]","name":"Ndd","login":"k48@ar.com.au","provider":"JRv","role":"admin","text":"2Bw","email_verified":true}]