[
  {
    "status": "expired",
    "duration": 1,
    "endTime": "2051-12-11T03:31:42Z",
    "environment": "28JI",
    "event": "RHG",
    "group": "a32gt",
    "id": ":IE:dFYN-3b2d-AZ2\\-fP[Y-VE>bOcS@7M6\\",
    "priority": 0,
    "remaining": 1,
    "resource": "cBPPZ",
    "service": [],
    "startTime": "2012-09-28T05:11:29Z",
    "tags": [
      "aEyx6"
    ]
  },
  {
    "status": "active",
    "customer": "mW3",
    "duration": 1,
    "endTime": "2031-09-04T02:38:03Z",
    "environment": "JLhK",
    "event": "nFdk",
    "group": "JnfDA",
    "id": "OL@?BKVP-B05E-I4]3-5fU;-b:N@=PWSMcA^",
    "priority": 0,
    "remaining": 1,
    "resource": "6U29f",
    "service": [],
    "startTime": "2018-10-16T02:44:12Z",
    "tags": []
  },
  {
    "status": "pending",
    "customer": "HJa1",
    "duration": 0,
    "endTime": "2009-09-06T04:43:29Z",
    "environment": "eQt",
    "event": "FxTLX",
    "group": "1Uld",
    "id": ":06<bcYW-d_[^-5a]@-F<1[-I;75XD092`VG",
    "priority": 1,
    "remaining": 0,
    "resource": "1z4w",
    "service": [
      "Su0"
    ],
    "startTime": "2043-08-07T06:49:59Z",
    "tags": [
      "TBm2q"
    ]
  },
  {
    "status": "expired",
    "customer": "vWzy",
    "duration": 0,
    "endTime": "1975-01-12T04:57:42Z",
    "environment": "LzHz",
    "event": "LaiH",
    "group": "9phg",
    "id": "W@JCf3UL-JUWX-b`YR-eACO-B95[D6IIE52S",
    "priority": 0,
    "remaining": 1,
    "resource": "3m4Nt",
    "service": [
      "lvVHl"
    ],
    "startTime": "2047-09-01T03:53:33Z",
    "tags": [
      "9n54F"
    ]
  },
  {
    "status": "expired",
    "customer": "mk3",
    "duration": 0,
    "endTime": "2055-03-31T07:11:03Z",
    "environment": "ka5Bb",
    "event": "HQilC",
    "group": "LwB",
    "id": "JU`=K\\Da-?_f2-??62-8X<c-`19Nc:>PF8CD",
    "priority": 0,
    "remaining": 1,
    "resource": "6sX",
    "service": [
      "1NFA"
    ],
    "startTime": "1989-09-26T04:12:20Z",
    "tags": []
  },
  {
    "status": "expired",
    "customer": "AHm",
    "duration": 0,
    "endTime": "1995-02-27T02:05:25Z",
    "environment": "1Sn",
    "event": "erfKo",
    "group": "yeyvT",
    "id": "<_9MP3F?-P3d1-ZI6<-A<\\]-BESc:fVNRH`N",
    "priority": 1,
    "remaining": 0,
    "resource": "l0hB",
    "service": [
      "uZH"
    ],
    "startTime": "2036-11-23T02:24:24Z",
    "tags": [
      "39c6"
    ]
  },
  {
    "status": "expired",
    "customer": "IHK",
    "duration": 1,
    "endTime": "1974-11-11T00:01:14Z",
    "environment": "3kowe",
    "event": "wIAF",
    "group": "pI9v",
    "id": "KIV9cM`A-e4NI-0O^`-@AAN-2TaW=O^GK1Tc",
    "priority": 0,
    "remaining": 1,
    "resource": "s1eei",
    "service": [
      "0CeiM"
    ],
    "startTime": "2022-07-01T04:38:50Z",
    "tags": []
  },
  {
    "status": "expired",
    "customer": "mYmxf",
    "duration": 0,
    "endTime": "1974-01-15T06:23:03Z",
    "environment": "a44P",
    "group": "Kat",
    "id": "^@27@;F1-;?eS-]5VP-a9Da-d`D0OaA?ZKKf",
    "priority": 0,
    "remaining": 0,
    "resource": "yYha",
    "service": [],
    "startTime": "2037-09-12T05:32:51Z",
    "tags": [
      "3z3"
    ]
  },
  {
    "status": "pending",
    "customer": "zt9",
    "duration": 1,
    "endTime": "2051-02-09T04:24:59Z",
    "environment": "bKrDi",
    "event": "x82",
    "group": "u8DL",
    "id": "cJ@QN2f3-fO:<-O::?-\\679-=eGDU<1bAffb",
    "priority": 0,
    "remaining": 0,
    "resource": "5qic",
    "service": [],
    "startTime": "2035-11-28T03:21:54Z",
    "tags": [
      "UZC"
    ]
  },
  {
    "status": "pending",
    "duration": 1,
    "endTime": "1973-08-02T03:30:42Z",
    "environment": "xEx",
    "event": "UXTF",
    "group": "tieaX",
    "id": "S;;B<B;c-D9>2-D2Db-9ece-ZG452G9Y0TVA",
    "priority": 1,
    "remaining": 0,
    "resource": "iJb4",
    "startTime": "1973-04-05T02:53:08Z",
    "tags": []
  }
]
