[
  {
    "createTime": "1988-02-04T01:34:30Z",
    "customer": "9DdE",
    "href": "gpGM",
    "id": ";@51JGb[-=^X0-W3E<-]f@a-dI6941ecTI5X",
    "origin": "koDGe",
    "receiveTime": "2011-08-03T01:15:37Z",
    "tags": [
      "CKQ"
    ],
    "timeout": 1,
    "type": "RC4ER"
  },
  {
    "createTime": "2018-12-10T06:51:52Z",
    "customer": "ZrH",
    "href": "gSEaH",
    "id": "QVV7P\\:O-SB2^-EE;;-WT^;-fIVR4=\\aK`_J",
    "origin": "JdfD",
    "receiveTime": "1999-12-01T06:20:40Z",
    "tags": [],
    "timeout": 1,
    "type": "ngQ"
  },
  {
    "createTime": "2003-04-17T05:25:05Z",
    "customer": "7sh",
    "href": "VNUQN",
    "id": "MO]]YGIG-[^R`-GRSD-U^TY-@J[ZJfbO`LT2",
    "origin": "Pfuen",
    "receiveTime": "2037-08-23T07:10:13Z",
    "tags": [],
    "timeout": 0,
    "type": "3tR"
  },
  {
    "createTime": "2050-07-30T03:43:23Z",
    "customer": "bTPyp",
    "href": "QQIbs",
    "id": "[Q;HEIZ@-4O`Z-13Y9-;\\RD-A]N3BTNVQJ8G",
    "origin": "Lvn38",
    "receiveTime": "2053-10-04T03:59:48Z",
    "tags": [
      "xlghp"
    ],
    "timeout": 0,
    "type": "QGu"
  },
  {
    "createTime": "2030-01-14T04:59:29Z",
    "customer": "Sk1sT",
    "href": "DhKwe",
    "id": "a:2NR>ZM-M<JO-I3B`-16?R-3>IN?c6HHc45",
    "origin": "mrc",
    "receiveTime": "1998-07-30T06:16:57Z",
    "tags": [
      "JoU"
    ],
    "timeout": 0,
    "type": "GOUqF"
  },
  {
    "createTime": "2024-07-14T04:43:27Z",
    "customer": "SdaN",
    "href": "4l9Y",
    "id": "PM0OFKFa-b[Y\\->CWI->Ae`-7?`OAH@Q=XWS",
    "origin": "k6n",
    "receiveTime": "1979-12-27T04:26:49Z",
    "tags": [
      "ng7K"
    ],
    "timeout": 0,
    "type": "CQmL"
  },
  {
    "createTime": "2032-10-04T04:15:40Z",
    "customer": "mfDWv",
    "href": "qXfq",
    "id": "IMD?^I3F->We6-;Z;L-SdbL-EU^EU9S<1Q^Y",
    "origin": "LJc",
    "receiveTime": "2009-04-30T06:37:04Z",
    "tags": [],
    "timeout": 1,
    "type": "LY8pY"
  },
  {
    "createTime": "2014-02-22T02:36:47Z",
    "customer": "8y1dr",
    "href": "WKR",
    "id": "R?eb=4K=-55JS-SSCJ-2bfZ-OdR7[O9IAbZ_",
    "origin": "Zhg",
    "receiveTime": "2001-11-05T00:45:23Z",
    "tags": [
      "lbmlz"
    ],
    "timeout": 1,
    "type": "WG5Q"
  },
  {
    "createTime": "2029-01-26T02:55:01Z",
    "customer": "crV8T",
    "href": "5tO",
    "id": "`O56PN]0-L`0R-V171-PP\\W-L4QfcVGM5K_Z",
    "origin": "JKqA",
    "receiveTime": "1993-10-03T02:50:02Z",
    "tags": [
      "TCv"
    ],
    "timeout": 1,
    "type": "lxpLg"
  },
  {
    "createTime": "2009-11-07T05:37:18Z",
    "customer": "ld07",
    "href": "1niF",
    "id": "7[FN4RbR-KZc<-72?3-3eQ]-;44>U5GaBQ[[",
    "origin": "vFF",
    "receiveTime": "2009-10-12T02:16:30Z",
    "tags": [],
    "timeout": 0,
    "type": "23Uc"
  }
]
