[
  {
    "customer": "uVT",
    "origin": "vEf",
    "tags": []
  },
  {
    "createTime": "1976-03-04T00:06:19Z",
    "customer": "XHL",
    "origin": "QMA",
    "tags": [],
    "timeout": 0
  },
  {
    "customer": "KHq",
    "origin": "ip6",
    "tags": [],
    "timeout": 0
  },
  {
    "createTime": "2035-01-30T01:22:36Z",
    "customer": "cCx",
    "origin": "afC",
    "tags": [],
    "timeout": 0
  },
  {
    "createTime": "1997-03-22T00:44:14Z",
    "customer": "7TH",
    "origin": "1Tc",
    "tags": []
  },
  {
    "createTime": "2026-05-05T01:48:36Z",
    "customer": "td3",
    "origin": "gy6",
    "tags": [],
    "timeout": 0
  },
  {
    "createTime": "1991-01-26T01:20:34Z",
    "customer": "Yum",
    "origin": "sn2",
    "tags": [],
    "timeout": 0
  },
  {
    "createTime": "2042-11-11T01:16:14Z",
    "origin": "oms",
    "tags": [],
    "timeout": 0
  },
  {
    "createTime": "2004-03-06T00:44:39Z",
    "customer": "Doi",
    "origin": "quc",
    "tags": [],
    "timeout": 0
  },
  {
    "createTime": "2029-03-28T02:01:29Z",
    "customer": "svn",
    "origin": "xxc",
    "tags": [],
    "timeout": 0
  }
]
