[
  {
    "event": "BS8",
    "id": "SbVHDMf?-MM93-<IL7-Q01`-C[WY9\\VfIQD=",
    "severity": "minor",
    "text": "yps",
    "type": "severity",
    "updateTime": "2042-12-04T00:19:04Z",
    "value": "KOz"
  },
  {
    "event": "2ou",
    "id": "e9KR2A_S-Ue4I-3eS1-JMe^-L[\\HH1E5UPTI",
    "severity": "security",
    "text": "11I",
    "type": "severity",
    "updateTime": "2058-04-18T01:24:12Z",
    "value": "m4F"
  },
  {
    "event": "JPe",
    "id": "<\\Hf[W9Z-37c^-e[>6-<=G@-ZbVfRFe\\D2G0",
    "severity": "trace",
    "text": "4zk",
    "type": "severity",
    "updateTime": "2016-10-07T00:37:20Z",
    "value": "C2I"
  },
  {
    "status": "open",
    "event": "yBH",
    "id": "a:D>3?eD-@=GV-4P?G-XSNP-?b?I<eCJ42Lb",
    "text": "3Yu",
    "type": "status",
    "updateTime": "2023-05-11T02:19:57Z"
  },
  {
    "status": "ack",
    "event": "mcE",
    "id": "F021`=\\4-_3JO-4C1V-FSDI-d_?BG6eJ>ceU",
    "text": "f9H",
    "type": "status",
    "updateTime": "1973-10-29T02:20:35Z"
  },
  {
    "event": "5Ya",
    "id": "]E_?a8:e-40MK-dV;U-Y>Uc-OCFD=\\J]dC=Z",
    "severity": "trace",
    "text": "A4o",
    "type": "severity",
    "updateTime": "2044-03-09T01:38:17Z",
    "value": "Hvc"
  },
  {
    "event": "i6Q",
    "id": "LMGP^<QZ-OJV3-9GXN-eQ>U-b:WO?EBGAAeP",
    "severity": "informational",
    "text": "eRq",
    "type": "severity",
    "updateTime": "1985-02-07T00:14:03Z",
    "value": "ANo"
  },
  {
    "event": "O3S",
    "id": "BI<C;8Gb-B2b5-YeR_-QZ4;-;A7JT03@fLWP",
    "severity": "indeterminate",
    "text": "Cg9",
    "type": "severity",
    "updateTime": "1970-01-26T00:34:12Z",
    "value": "6ZW"
  },
  {
    "event": "fsm",
    "id": "I`N=TG5X-e8T5-<Z6Y-92[:-Bc7eXB5][F;9",
    "severity": "informational",
    "text": "Meq",
    "type": "severity",
    "updateTime": "1970-09-06T02:17:31Z",
    "value": "3a1"
  },
  {
    "status": "assign",
    "event": "D2k",
    "id": "?H=LIEOW-3:`G-JIeG-B6<5-;Qf`_=3Nb22T",
    "text": "tpK",
    "type": "status",
    "updateTime": "2015-09-24T00:54:06Z"
  }
]
