[
  {
    "href": "QIg",
    "id": "TNU2>CX9-T;9]-bVYS-A78a-TBQ^A1AKLDZB",
    "resource": "LCF"
  },
  {
    "href": "ZQU",
    "id": "IMIf:a>3-1XO8-`6Qb-0d[;-FFAJa:=Q>?Pe",
    "resource": "SYm"
  },
  {
    "href": "20A",
    "id": "KGb>Q1BV-KB:H-a`0G-@WFK-@W@Y@<J\\J8X[",
    "resource": "h8w"
  },
  {
    "href": "lqo",
    "id": "G59^FaT1-:G`M-BU>4-68X5-6R^VFXRZe6N=",
    "resource": "kMD"
  },
  {
    "href": "fzf",
    "id": "@9C5?W<F-Z`QN-b4Y`-DIYN-HL`U0FTH2d^Z",
    "resource": "A3N"
  },
  {
    "href": "gEA",
    "id": "OacHeQTN-HBAN-Q`=a-9eN;-S@JK2HYCG@WC",
    "resource": "ppf"
  },
  {
    "href": "7VO",
    "id": "0;O0_92e-3Y2a-?13D-AHBY-DS8JQIRV71W>",
    "resource": "ODK"
  },
  {
    "href": "6QA",
    "id": "Z4AR42IL-TN?T-MQ64-R=G^-d<NdWQ[GRMTG",
    "resource": "87k"
  },
  {
    "href": "sZQ",
    "id": "CSYU??W5-fA@`-BaPQ-AU2T-B?6F>d75JN5=",
    "resource": "AA1"
  },
  {
    "href": "JND",
    "id": "U>@[B]0?-A4>@-L;SN-;Seb-cOW7LH9=;N?2",
    "resource": "Pdq"
  }
]