[
  {
    "status": "ok",
    "message": "DWUA",
    "total": 0,
    "domains": [],
    "groups": [],
    "orgs": [],
    "roles": [
      "T8ntv"
    ],
    "time": "1975-08-22T04:11:18Z",
    "users": []
  },
  {
    "status": "ok",
    "message": "Fpf",
    "total": 0,
    "domains": [],
    "groups": [],
    "orgs": [
      "3ceWd"
    ],
    "roles": [
      "Gk7q"
    ],
    "time": "1979-08-24T03:32:55Z",
    "users": []
  },
  {
    "status": "error",
    "message": "lD4l"
  },
  {
    "status": "ok",
    "message": "CHl",
    "total": 1,
    "domains": [
      "0x3d"
    ],
    "groups": [],
    "orgs": [],
    "roles": [
      "13yy"
    ],
    "time": "1977-07-04T06:13:56Z",
    "users": []
  },
  {
    "status": "error",
    "message": "UPc"
  },
  {
    "status": "error",
    "message": "OyID8"
  },
  {
    "status": "ok",
    "message": "6ZN",
    "total": 1,
    "domains": [
      "nHDlU"
    ],
    "groups": [
      "EkIW7"
    ],
    "orgs": [
      "YyTnA"
    ],
    "roles": [],
    "time": "2006-09-12T00:33:13Z",
    "users": []
  },
  {
    "status": "error",
    "message": "zgiM"
  },
  {
    "status": "ok",
    "message": "WI1I",
    "total": 1,
    "domains": [
      "hu6L6"
    ],
    "groups": [
      "pu0bw"
    ],
    "orgs": [
      "8Ns8I"
    ],
    "roles": [
      "7WNi0"
    ],
    "time": "2006-05-15T03:05:07Z",
    "users": [
      {
        "createTime": "1983-06-08T03:49:36Z",
        "email_verified": false,
        "id": "a]<M:SMF-9=P_-I?_T-C2fK-02d20@YFf7H2",
        "login": "E7if@68X.com",
        "name": "tvBL",
        "provider": "aRsWs",
        "role": "user",
        "text": "ygCrQ"
      }
    ]
  },
  {
    "status": "error",
    "message": "6FH"
  }
]
