[
  {
    "status": "ok",
    "message": "90aP9",
    "total": 1,
    "top10": []
  },
  {
    "status": "ok",
    "message": "EHrK6",
    "total": 1,
    "top10": []
  },
  {
    "status": "error",
    "message": "5VC6"
  },
  {
    "status": "ok",
    "message": "42TA1",
    "total": 0,
    "top10": [
      {
        "count": 0,
        "duplicateCount": 0,
        "environments": [],
        "resources": [],
        "services": []
      }
    ]
  },
  {
    "status": "error",
    "message": "GBWU"
  },
  {
    "status": "ok",
    "message": "6vV6",
    "total": 1,
    "top10": []
  },
  {
    "status": "error",
    "message": "KulZ"
  },
  {
    "status": "ok",
    "message": "fGlV",
    "total": 0,
    "top10": []
  },
  {
    "status": "ok",
    "message": "2lR",
    "total": 0,
    "top10": []
  },
  {
    "status": "ok",
    "message": "H6M7",
    "total": 0,
    "top10": [
      {
        "count": 0,
        "duplicateCount": 0,
        "environments": [],
        "resources": [],
        "services": []
      }
    ]
  }
]
