[
  {
    "status": "error",
    "message": "G140"
  },
  {
    "status": "error",
    "message": "tp4"
  },
  {
    "status": "error",
    "message": "gwWI"
  },
  {
    "status": "error",
    "message": "7N5uu"
  },
  {
    "status": "error",
    "message": "8Jx"
  },
  {
    "status": "ok",
    "total": 1,
    "heartbeat": {
      "createTime": "2034-02-11T04:00:44Z",
      "customer": "ssGa",
      "href": "TZXN",
      "id": "LDPDfLP]-BF`1-1eX6-=_J^-GQRS;eW1^W7I",
      "origin": "ych",
      "receiveTime": "2029-01-27T01:28:21Z",
      "tags": [],
      "timeout": 0,
      "type": "949Ux"
    }
  },
  {
    "status": "error",
    "message": "IzM"
  },
  {
    "status": "ok",
    "total": 0,
    "heartbeat": {
      "createTime": "1994-02-04T06:12:23Z",
      "customer": "haD",
      "href": "U4haa",
      "id": "IGLfJR5a-L=f6-4@3O-^7XL-A^R4_JUGd;`4",
      "origin": "gbM5",
      "receiveTime": "2040-06-27T07:05:27Z",
      "tags": [],
      "timeout": 1,
      "type": "XK9W"
    }
  },
  {
    "status": "ok",
    "total": 0,
    "heartbeat": {
      "createTime": "2052-07-25T04:10:03Z",
      "customer": "aUm",
      "href": "waCY",
      "id": "40UZY5@a-PZDX-d@aC-<@AF-DdA=LI`SRC=J",
      "origin": "k0q",
      "receiveTime": "2032-11-26T07:09:57Z",
      "tags": [],
      "timeout": 0,
      "type": "5hwd"
    }
  },
  {
    "status": "error",
    "message": "6CtOz"
  }
]
