[
  {
    "status": "ok",
    "message": "V6d",
    "total": 1,
    "customers": [
      {
        "customer": "fHavq",
        "id": ":EZFMH5e-GOLN-A:DP-cS5O-dYC5IYBe[84O",
        "match": "pAZ6"
      }
    ],
    "time": "1999-05-09T03:30:50Z"
  },
  {
    "status": "error",
    "message": "pZUk8"
  },
  {
    "status": "error",
    "message": "SH0N"
  },
  {
    "status": "error",
    "message": "UTY"
  },
  {
    "status": "error",
    "message": "uEx8"
  },
  {
    "status": "ok",
    "message": "I0xpr",
    "total": 1,
    "customers": [],
    "time": "1974-03-08T00:37:59Z"
  },
  {
    "status": "ok",
    "message": "QLE",
    "total": 0,
    "customers": [
      {
        "customer": "qesOP",
        "id": ">CYC^TdO-YV;^-EIMV-cO4]-a`AW5F^DH@f[",
        "match": "OLtMk"
      }
    ],
    "time": "1989-07-12T04:15:21Z"
  },
  {
    "status": "ok",
    "message": "l8giq",
    "total": 1,
    "customers": [
      {
        "customer": "ML8Ru",
        "id": "51N?Y_cd-1Od3-<;JS-PG`_-S<_b@QeK2YdQ",
        "match": "0EcIT"
      }
    ],
    "time": "2043-10-07T00:59:50Z"
  },
  {
    "status": "error",
    "message": "fHO"
  },
  {
    "status": "ok",
    "message": "383ks",
    "total": 0,
    "customers": [
      {
        "customer": "fZKbq",
        "id": ";dWT>\\SH-E]4F-]A8;-Re`U-=NeKaG7Ie>PS",
        "match": "k386G"
      }
    ],
    "time": "2047-01-19T02:35:49Z"
  }
]
