[
  {
    "status": "ok",
    "message": "BZn2b",
    "total": 0,
    "services": [
      {
        "count": 1,
        "environment": "Qr9",
        "service": "CpJ"
      }
    ]
  },
  {
    "status": "ok",
    "message": "ZKiG",
    "total": 0,
    "services": []
  },
  {
    "status": "ok",
    "message": "rTX9F",
    "total": 1,
    "services": [
      {
        "count": 1,
        "environment": "yLA",
        "service": "uFwBh"
      }
    ]
  },
  {
    "status": "ok",
    "total": 0,
    "services": []
  },
  {
    "status": "error",
    "message": "AYOx"
  },
  {
    "status": "error",
    "message": "EZU9"
  },
  {
    "status": "ok",
    "message": "nhM",
    "total": 0,
    "services": [
      {
        "count": 0,
        "environment": "tTgow",
        "service": "SHl"
      }
    ]
  },
  {
    "status": "error",
    "message": "xdeb"
  },
  {
    "status": "ok",
    "message": "JbGqD",
    "total": 1,
    "services": []
  },
  {
    "status": "ok",
    "message": "Zz4",
    "total": 1,
    "services": []
  }
]
