[
  {
    "status": "error",
    "message": "fJ0SJ"
  },
  {
    "status": "ok",
    "message": "iwz4v",
    "total": 1,
    "heartbeats": [],
    "time": "2052-04-03T02:18:53Z"
  },
  {
    "status": "error",
    "message": "JZot0"
  },
  {
    "status": "ok",
    "message": "M3c",
    "total": 0,
    "heartbeats": [
      {
        "createTime": "2045-11-17T05:20:00Z",
        "customer": "mzN",
        "href": "1Q9uc",
        "id": "1a;TY\\1c->IU2-cB@4-R^7d-eAe<M4X8D]T3",
        "origin": "sh0l1",
        "receiveTime": "1990-06-09T04:40:38Z",
        "tags": [],
        "timeout": 1,
        "type": "ZOATU"
      }
    ],
    "time": "2057-02-24T06:15:59Z"
  },
  {
    "status": "error",
    "message": "eevNR"
  },
  {
    "status": "error",
    "message": "PyV"
  },
  {
    "status": "error",
    "message": "Zl0"
  },
  {
    "status": "ok",
    "message": "77MR",
    "total": 0,
    "heartbeats": [
      {
        "createTime": "1971-07-29T01:41:41Z",
        "customer": "tKcYP",
        "href": "HaMgG",
        "id": "2IO`FA^S-193P-SAC:-d?fF-=O0SC_I1U9fC",
        "origin": "Bo5KD",
        "receiveTime": "2050-11-28T00:12:38Z",
        "tags": [],
        "timeout": 0,
        "type": "EkWD"
      }
    ],
    "time": "2049-05-03T04:08:32Z"
  },
  {
    "status": "error",
    "message": "NLE"
  },
  {
    "status": "error",
    "message": "EDqxL"
  }
]
