[
  {
    "status": "error",
    "message": "82r"
  },
  {
    "status": "ok",
    "total": 1,
    "alert": {
      "status": "open",
      "attributes": {},
      "correlate": [],
      "createTime": "2051-12-14T01:18:09Z",
      "customer": "pDN",
      "duplicateCount": 0,
      "environment": "r0Y",
      "event": "c75",
      "group": "41W",
      "history": [
        {
          "event": "GAU",
          "id": "2BT?[IEK-Y;_Z-0VWA-XO:E-D12QFNW58VMS",
          "severity": "indeterminate",
          "text": "3DH",
          "type": "severity",
          "updateTime": "2026-05-21T02:22:12Z",
          "value": "aS8"
        },
        {
          "event": "OvS",
          "id": "`\\f_;>fD-N[e5-\\D]_-XW2N-Q\\E4GA0UNCZ4",
          "severity": "normal",
          "text": "QLk",
          "type": "severity",
          "updateTime": "2038-10-29T00:29:03Z",
          "value": "Q0J"
        }
      ],
      "href": "zPb",
      "id": "cO5^=>B2-?C0U-ZKca-K[_4-4\\88dJWOT@bc",
      "lastReceiveId": "Wf6B2e\\[-1;BX-[K7Z-[Ide-bNTa`78d=4JA",
      "lastReceiveTime": "2056-11-01T00:10:42Z",
      "origin": "Cnz",
      "previousSeverity": "normal",
      "rawData": "faT",
      "receiveTime": "2016-04-25T01:48:41Z",
      "repeat": false,
      "resource": "RPz",
      "service": [
        "8hQ"
      ],
      "severity": "minor",
      "tags": [],
      "text": "g37",
      "timeout": 33028,
      "trendIndication": "moreSevere",
      "type": "uzP",
      "value": "ZG3"
    }
  },
  {
    "status": "error",
    "message": "Q6y"
  },
  {
    "status": "error",
    "message": "95v"
  },
  {
    "status": "ok",
    "total": 1,
    "alert": {
      "status": "expired",
      "attributes": {},
      "correlate": [
        "nyP",
        "9ak"
      ],
      "createTime": "1987-04-28T00:28:47Z",
      "customer": "0qs",
      "duplicateCount": 0,
      "environment": "Uo3",
      "event": "zlA",
      "group": "zpr",
      "history": [
        {
          "status": "ack",
          "event": "LGQ",
          "id": "6^=9QG]R-JN8P-ZHf1-80HH-0>QOabb4ME\\E",
          "text": "iov",
          "type": "status",
          "updateTime": "2006-10-03T01:46:36Z"
        }
      ],
      "href": "wV8",
      "id": "C04N^Z[`-Ke1@-d[NY-a;9O-aY<VBN88^LBD",
      "lastReceiveId": "SY`^b7@b-S5Ua-]C\\M-XDM6-OAIC9A7F2[PC",
      "lastReceiveTime": "1992-12-18T00:52:42Z",
      "origin": "g4l",
      "previousSeverity": "normal",
      "rawData": "mY0",
      "receiveTime": "2045-03-26T00:00:58Z",
      "resource": "I8w",
      "service": [
        "xQ5"
      ],
      "severity": "informational",
      "tags": [
        "JDo",
        "w1T"
      ],
      "text": "Oye",
      "timeout": 19813,
      "trendIndication": "lessSevere",
      "type": "0Ti",
      "value": "CdC"
    }
  },
  {
    "status": "ok",
    "total": 1,
    "alert": {
      "status": "expired",
      "attributes": {},
      "correlate": [],
      "createTime": "2022-04-17T01:19:45Z",
      "customer": "AQR",
      "duplicateCount": 0,
      "environment": "NCw",
      "event": "LYt",
      "group": "7eD",
      "history": [],
      "href": "AkN",
      "id": "K?[\\2ad`-E:_]-YR=[-_IL8-2`RAFZRNDfLP",
      "lastReceiveId": "<U<TTA4N-E4EH-GW^9-ZA55-;T:T<d[5>JSP",
      "lastReceiveTime": "2035-02-09T02:06:58Z",
      "origin": "XnW",
      "previousSeverity": "ok",
      "receiveTime": "2023-04-12T01:58:13Z",
      "repeat": true,
      "resource": "GXF",
      "service": [
        "U5M",
        "nw0"
      ],
      "severity": "indeterminate",
      "tags": [],
      "text": "6Bw",
      "timeout": 19648,
      "trendIndication": "noChange",
      "type": "QH6",
      "value": "mOX"
    }
  },
  {
    "status": "ok",
    "total": 1,
    "alert": {
      "status": "open",
      "attributes": {},
      "correlate": [
        "9I4",
        "ymk"
      ],
      "createTime": "2001-12-14T01:14:13Z",
      "customer": "l0H",
      "duplicateCount": 0,
      "environment": "JoK",
      "event": "ION",
      "group": "d1v",
      "history": [
        {
          "event": "rbD",
          "id": "V=YIYZ@U-7;`I-CGMI-K_^O-<BTNFa:`ISZ8",
          "severity": "trace",
          "text": "hrd",
          "type": "severity",
          "updateTime": "2021-10-22T00:38:44Z",
          "value": "IxP"
        },
        {
          "status": "open",
          "event": "JmR",
          "id": "b]D<=T<G-`0KC-@W6a-cD<6-6QS\\]>d<:]fU",
          "text": "gxJ",
          "type": "status",
          "updateTime": "2055-10-04T01:15:00Z"
        }
      ],
      "href": "LBo",
      "id": "TbfUQCfF-^<dF-6Mba-UTWd-@3@89[7`RL[8",
      "lastReceiveTime": "2000-07-29T01:44:04Z",
      "origin": "cyC",
      "previousSeverity": "unknown",
      "rawData": "TYL",
      "receiveTime": "2000-08-20T00:32:35Z",
      "repeat": true,
      "resource": "Ckw",
      "service": [
        "RAh"
      ],
      "severity": "ok",
      "tags": [
        "Kex"
      ],
      "text": "Yn4",
      "timeout": 2593,
      "trendIndication": "noChange",
      "type": "Z00",
      "value": "MW6"
    }
  },
  {
    "status": "error",
    "message": "ePc"
  },
  {
    "status": "error",
    "message": "WYa"
  },
  {
    "status": "ok",
    "total": 1,
    "alert": {
      "attributes": {},
      "correlate": [
        "vtY",
        "YyB"
      ],
      "createTime": "1978-08-19T01:56:09Z",
      "customer": "dn9",
      "duplicateCount": 0,
      "environment": "S6C",
      "event": "bHy",
      "group": "87x",
      "history": [
        {
          "event": "uu7",
          "id": "T\\78aOL?-V9>f-AO>Y-fQ:D-:WPH:>XHbU`D",
          "severity": "critical",
          "text": "tk5",
          "type": "severity",
          "updateTime": "1992-09-01T00:46:34Z",
          "value": "mgx"
        }
      ],
      "href": "HF9",
      "id": "XAe[<4E7-Wac0-PNL9-1OW2-GIEJa7^MT5`;",
      "lastReceiveId": ">8S^74>_-L796-U@0M-`O^d-0f4O;5PSVZ27",
      "lastReceiveTime": "1980-06-15T01:35:44Z",
      "origin": "OxN",
      "previousSeverity": "trace",
      "receiveTime": "1978-07-10T02:03:26Z",
      "repeat": true,
      "resource": "z6h",
      "service": [
        "bcR",
        "7ym"
      ],
      "severity": "trace",
      "tags": [
        "dTk",
        "Grc"
      ],
      "text": "Xtx",
      "timeout": 41953,
      "trendIndication": "lessSevere",
      "type": "l5b",
      "value": "Ccz"
    }
  }
]
