[
  {
    "status": "error",
    "message": "TLc"
  },
  {
    "status": "ok",
    "message": "eCy",
    "total": 0,
    "environments": []
  },
  {
    "status": "ok",
    "total": 0,
    "environments": []
  },
  {
    "status": "ok",
    "message": "Hd3",
    "total": 0,
    "environments": []
  },
  {
    "status": "ok",
    "message": "PGp",
    "total": 0,
    "environments": []
  },
  {
    "status": "ok",
    "message": "iGu",
    "total": 0,
    "environments": []
  },
  {
    "status": "ok",
    "message": "d3G",
    "total": 0,
    "environments": []
  },
  {
    "status": "error",
    "message": "uCV"
  },
  {
    "status": "error",
    "message": "1fN"
  },
  {
    "status": "ok",
    "message": "vlz",
    "total": 0,
    "environments": []
  }
]