[
  {
    "status": "ok",
    "message": "WFmRR",
    "total": 1,
    "keys": [
      {
        "count": 0,
        "customer": "SFHNd",
        "expireTime": "2013-05-01T01:36:14Z",
        "key": "95bpoVxHL7wR067I-mqpsg0erxs8HZKNvltglpcU",
        "text": "nwbnW",
        "type": "read-write",
        "user": "Hvc@TdM.org"
      }
    ],
    "time": "2049-09-30T06:08:19Z"
  },
  {
    "status": "error",
    "message": "iXS"
  },
  {
    "status": "error",
    "message": "rfTL"
  },
  {
    "status": "error",
    "message": "eKed"
  },
  {
    "status": "ok",
    "message": "w4HG",
    "total": 1,
    "keys": [
      {
        "count": 1,
        "customer": "ydy",
        "expireTime": "2003-12-01T02:09:27Z",
        "key": "5EIJVYeo86baZ7kgv8FfhwsFMK-ALfbaLAJHgyzg",
        "lastUsedTime": "1976-10-15T05:55:59Z",
        "text": "YGGC",
        "type": "read-only",
        "user": "RVt@owTq.org"
      }
    ],
    "time": "2025-07-23T01:05:11Z"
  },
  {
    "status": "error",
    "message": "hST9"
  },
  {
    "status": "ok",
    "message": "LWXK",
    "total": 0,
    "keys": [],
    "time": "2004-08-14T03:38:09Z"
  },
  {
    "status": "error",
    "message": "4JQ3"
  },
  {
    "status": "error",
    "message": "aFqX"
  },
  {
    "status": "error",
    "message": "rUXx"
  }
]
