[
  {
    "status": "ok",
    "message": "6z2Ua",
    "history": [],
    "lastTime": "2042-10-05T06:27:59Z"
  },
  {
    "status": "ok",
    "message": "A4rs",
    "history": [
      {
        "status": "assign",
        "attributes": {
          "QpU": "l2A"
        },
        "customer": "tF5qa",
        "environment": "Hmft",
        "event": "LUPI",
        "group": "8sRtE",
        "id": "XQ?]3@SO-_HW?-d6L?-^O5C-@=Y[Za7dcEee",
        "origin": "eafW",
        "resource": "ruGp",
        "service": [],
        "tags": [],
        "text": "1lHVX",
        "type": "status",
        "updateTime": "2013-07-22T00:15:34Z"
      }
    ],
    "lastTime": "2047-04-15T01:46:52Z"
  },
  {
    "status": "ok",
    "message": "ZBl",
    "history": [],
    "lastTime": "1976-03-13T04:17:06Z"
  },
  {
    "status": "error",
    "message": "5QLp7"
  },
  {
    "status": "ok",
    "history": [],
    "lastTime": "2044-05-16T00:34:52Z"
  },
  {
    "status": "error",
    "message": "FdDNV"
  },
  {
    "status": "ok",
    "message": "hbq",
    "history": [],
    "lastTime": "1979-07-06T04:28:27Z"
  },
  {
    "status": "ok",
    "message": "94rbL",
    "history": [],
    "lastTime": "1983-07-24T04:32:04Z"
  },
  {
    "status": "ok",
    "message": "UkAgN",
    "history": [
      {
        "status": "open",
        "attributes": {},
        "customer": "isNV0",
        "environment": "AB5",
        "event": "yMbEu",
        "group": "54v12",
        "id": "MX]1S0OR-C\\H;-2S95-e`G[-bDKN>;bN?I_;",
        "origin": "ogBy",
        "resource": "OnGE",
        "service": [],
        "tags": [],
        "text": "Q5V",
        "type": "status",
        "updateTime": "2052-09-13T00:21:21Z"
      }
    ],
    "lastTime": "1971-03-27T04:49:55Z"
  },
  {
    "status": "error",
    "message": "qaSKf"
  }
]
