[
  {
    "status": "error",
    "message": "yvp"
  },
  {
    "status": "error",
    "message": "1wP"
  },
  {
    "status": "error",
    "message": "JMW"
  },
  {
    "status": "ok",
    "message": "XbT",
    "alert": {
      "status": "closed",
      "attributes": {},
      "correlate": [],
      "createTime": "2060-02-04T02:17:24Z",
      "duplicateCount": 0,
      "environment": "4af",
      "event": "Jt2",
      "group": "Hz9",
      "history": [],
      "href": "Jui",
      "id": "eIUfG_[?-SWQ\\-OPQN-VQKc-;@DPH6>dFN>O",
      "lastReceiveId": "dJU0T`ff-b=ZS-ERD0-BH2D-DaQXXFXR23e^",
      "lastReceiveTime": "2051-04-14T02:19:40Z",
      "origin": "noi",
      "previousSeverity": "indeterminate",
      "rawData": "EqP",
      "receiveTime": "1995-02-06T01:56:50Z",
      "repeat": false,
      "resource": "0fq",
      "service": [
        "oom"
      ],
      "severity": "critical",
      "tags": [],
      "text": "XZE",
      "timeout": 26842,
      "trendIndication": "noChange",
      "type": "mrA",
      "value": "IuW"
    },
    "id": "QCZOPCCL-N?TO-V?U>-9N9b-4Z_WV=3[b_7W"
  },
  {
    "status": "ok",
    "message": "vee",
    "alert": {
      "status": "assign",
      "attributes": {},
      "correlate": [
        "sav",
        "6CG"
      ],
      "createTime": "2060-10-14T01:23:24Z",
      "customer": "79z",
      "duplicateCount": 0,
      "environment": "UPq",
      "event": "5km",
      "group": "TwZ",
      "history": [
        {
          "event": "E5U",
          "id": "FT30;N95-Q13L-`e@f-NOB8-fEHZ3^DNO_U\\",
          "severity": "major",
          "text": "wg6",
          "type": "severity",
          "updateTime": "2032-09-05T00:31:54Z",
          "value": "qRI"
        },
        {
          "status": "closed",
          "event": "Ju2",
          "id": "MC8=31bL-[VYC-RJ`2-N<1a-BJ`C[9FL7^2`",
          "text": "ZRd",
          "type": "status",
          "updateTime": "2032-11-19T01:43:36Z"
        }
      ],
      "href": "3MT",
      "id": "ZRXZA37@-J^VN-GM00-6BRQ-?JKRV_1`<FQ[",
      "lastReceiveId": ";[@\\1Q@e-4J]V-V;K@-DdbY-;S23Y1^7N>W8",
      "lastReceiveTime": "2005-12-07T01:54:20Z",
      "origin": "pew",
      "previousSeverity": "security",
      "rawData": "YQM",
      "receiveTime": "2057-05-02T00:59:45Z",
      "repeat": true,
      "resource": "kgU",
      "service": [],
      "severity": "normal",
      "tags": [
        "4XR",
        "z4n"
      ],
      "text": "9s1",
      "timeout": 41417,
      "trendIndication": "noChange",
      "type": "kpU",
      "value": "Con"
    },
    "id": "CHCWE7fc-cZaP-Ve>?-A3[K-HTMV8WS\\IB<0"
  },
  {
    "status": "error",
    "message": "oO8"
  },
  {
    "status": "ok",
    "message": "YKr",
    "alert": {
      "status": "unknown",
      "attributes": {},
      "correlate": [
        "eIX"
      ],
      "createTime": "1998-02-04T00:50:47Z",
      "customer": "qDg",
      "duplicateCount": 0,
      "environment": "nd9",
      "event": "HXd",
      "group": "v3a",
      "history": [
        {
          "status": "unknown",
          "event": "dMF",
          "id": ">UM2a\\f0-Q?J0-1HNJ-N2=2-EHa<;^2]K=AZ",
          "text": "MKy",
          "type": "status",
          "updateTime": "2055-12-08T01:05:19Z"
        }
      ],
      "href": "RmQ",
      "id": "ZGUdbMd6-7KBQ-LJLB-Lf:\\-L]KSP;VY>Pb6",
      "lastReceiveId": "5IFEed0O-XMOL-<Cd<-B`?H-=Z22f0d73;c9",
      "lastReceiveTime": "1977-09-01T01:56:34Z",
      "origin": "s8h",
      "previousSeverity": "normal",
      "rawData": "0CO",
      "receiveTime": "2011-06-29T01:42:33Z",
      "repeat": false,
      "resource": "vQa",
      "service": [
        "nx5",
        "Nlb"
      ],
      "severity": "normal",
      "tags": [
        "JzB"
      ],
      "text": "CKJ",
      "timeout": 24464,
      "type": "eKp",
      "value": "XLV"
    },
    "id": "aE=AUW5X-Ub<=-`a9M-TR0]-fIeWS\\E@76XG"
  },
  {
    "status": "error",
    "message": "x8E"
  },
  {
    "status": "error",
    "message": "IXM"
  },
  {
    "status": "ok",
    "id": "ZTdNKO@W-FJ1U-AX\\V-e<N^-b<DN`8BTSZZ4"
  }
]
