[
  {
    "status": "ok",
    "message": "NIY",
    "total": 3,
    "alerts": [],
    "autoRefresh": true,
    "lastTime": "2001-12-27T01:28:42Z",
    "more": false,
    "page": 10,
    "pageSize": 3,
    "pages": 1,
    "severityCounts": {
      "trace": 1
    },
    "statusCounts": {
      "open": 1
    }
  },
  {
    "status": "error",
    "message": "CkA"
  },
  {
    "status": "error",
    "message": "abr"
  },
  {
    "status": "ok",
    "message": "ZQm",
    "total": 3,
    "alerts": [],
    "autoRefresh": true,
    "lastTime": "2059-12-26T01:58:42Z",
    "more": true,
    "page": 2,
    "pageSize": 2,
    "pages": 4,
    "severityCounts": {
      "debug": 0
    },
    "statusCounts": {
      "unknown": 0
    }
  },
  {
    "status": "ok",
    "message": "aB6",
    "total": 8,
    "alerts": [],
    "autoRefresh": true,
    "lastTime": "2054-03-05T02:02:05Z",
    "more": false,
    "page": 4,
    "pageSize": 3,
    "pages": 4,
    "statusCounts": {
      "closed": 1
    }
  },
  {
    "status": "ok",
    "total": 6,
    "alerts": [],
    "autoRefresh": false,
    "lastTime": "2024-04-04T01:13:37Z",
    "more": true,
    "page": 9,
    "pageSize": 5,
    "pages": 2,
    "severityCounts": {
      "ok": 0
    },
    "statusCounts": {
      "expired": 1
    }
  },
  {
    "status": "ok",
    "message": "tz2",
    "total": 5,
    "alerts": [],
    "autoRefresh": false,
    "lastTime": "2020-12-08T00:21:00Z",
    "more": false,
    "page": 5,
    "pageSize": 5,
    "pages": 1,
    "severityCounts": {
      "security": 1
    }
  },
  {
    "status": "ok",
    "message": "e2x",
    "total": 1,
    "alerts": [],
    "autoRefresh": false,
    "lastTime": "1995-06-05T00:28:31Z",
    "more": true,
    "page": 0,
    "pageSize": 3,
    "pages": 4,
    "severityCounts": {
      "trace": 1
    },
    "statusCounts": {
      "open": 0
    }
  },
  {
    "status": "error",
    "message": "VdF"
  },
  {
    "status": "ok",
    "message": "0vC",
    "total": 5,
    "alerts": [],
    "autoRefresh": true,
    "lastTime": "2060-06-20T01:26:53Z",
    "more": false,
    "page": 1,
    "pageSize": 1,
    "pages": 4,
    "severityCounts": {
      "ok": 0
    },
    "statusCounts": {
      "expired": 0
    }
  }
]
