[
  {
    "status": "ok",
    "blackout": {
      "customer": "5ad",
      "duration": 3,
      "endTime": "1981-06-29T02:22:27Z",
      "environment": "SelT2",
      "event": "Mvy04",
      "group": "rNbS",
      "id": "PUd<`AEE-F5M7-V0C_-PD7Q-A`[RVLEI;::<",
      "priority": 0,
      "resource": "HqNP",
      "service": [
        "npUl1"
      ],
      "startTime": "2035-07-23T04:10:01Z",
      "tags": []
    },
    "id": "87`^1N^B-cHN8-=@@K-1H7]-1DVQD\\=Z_5;O"
  },
  {
    "status": "ok",
    "blackout": {
      "customer": "vNLt",
      "duration": 3,
      "endTime": "2054-04-01T03:38:55Z",
      "environment": "PyeNK",
      "event": "5v68R",
      "group": "o7s",
      "id": "HS]f=@L7-fG4K-?7@U-O88;-6G8@V_XJK54D",
      "priority": 1,
      "resource": "DC2",
      "service": [],
      "startTime": "2059-12-12T03:38:57Z",
      "tags": [
        "CoPxO"
      ]
    },
    "id": "?Y?SP`GC-Pb>]-:3]7-b[X]-Ud`M[EeG_I4R"
  },
  {
    "status": "error",
    "message": "DUT"
  },
  {
    "status": "error",
    "message": "60F"
  },
  {
    "status": "ok",
    "blackout": {
      "customer": "h6iDa",
      "duration": 0,
      "endTime": "2004-07-24T02:13:17Z",
      "environment": "Oab",
      "event": "TyG5i",
      "group": "VRs0P",
      "id": ";QNUa1ZG-56D7-QBSW-2WLM-cG:`\\Z0d163D",
      "priority": 1,
      "resource": "cxW",
      "service": [
        "c9yEn"
      ],
      "startTime": "2000-09-15T05:08:39Z",
      "tags": []
    },
    "id": "2FQbGVOF-a6`I-2P4>-f>dc-T;f1JJfIJf`Y"
  },
  {
    "status": "ok",
    "blackout": {
      "customer": "ym9",
      "duration": 0,
      "endTime": "1994-05-02T04:09:22Z",
      "environment": "nI97",
      "event": "uXg",
      "group": "LnN",
      "id": "MFD]0J3[-=ZU8-F3`4-_V16->P64DR;DREX1",
      "priority": 0,
      "resource": "sr8P",
      "service": [
        "wN8C"
      ],
      "startTime": "2002-03-02T00:30:51Z",
      "tags": [
        "exa"
      ]
    },
    "id": "b;:<\\<HY-G[_<-B;IG-YP0:-4e[>EW1;0ERB"
  },
  {
    "status": "error",
    "message": "ndKl"
  },
  {
    "status": "ok",
    "blackout": {
      "duration": 1,
      "endTime": "1970-11-15T03:45:10Z",
      "environment": "lpBI",
      "event": "dyzB",
      "group": "0fKA",
      "id": "bB8V;FPD-\\YZ6-QD94-GR;9-8ZKG6_8PIc`]",
      "priority": 1,
      "resource": "dqy",
      "service": [
        "4W16l"
      ],
      "startTime": "2000-08-07T04:18:15Z",
      "tags": []
    },
    "id": "6<ITLO66-:NfG-c]65-S\\JK-\\T:0O8P1PQ_4"
  },
  {
    "status": "ok",
    "blackout": {
      "customer": "Vvb1g",
      "duration": 0,
      "endTime": "2029-06-10T06:55:07Z",
      "environment": "YiOt",
      "group": "WRTu",
      "id": "5>\\GHC`8-T==S-SMJ[-BH1X-1Rd?1<O;G[\\S",
      "priority": 1,
      "resource": "bPnGb",
      "service": [],
      "startTime": "2037-10-04T06:43:21Z",
      "tags": []
    },
    "id": "XGPSWKP\\-FUG1-QRNa-@]cP-Y4^X<\\aMH]2="
  },
  {
    "status": "error",
    "message": "3tul"
  }
]
