[
  {
    "status": "ok",
    "customer": {
      "customer": "UZh",
      "id": "_^bL8T;b-^L\\[-6C^P-Q6PE-WZZ>`@BZa?05",
      "match": "94s"
    },
    "id": "=LFeHNQ5-9U2[-;K]V-7DUA-<W242bPYVFAe"
  },
  {
    "status": "ok",
    "customer": {
      "customer": "iaXN",
      "id": "]CA15L`C-;`;0-9ZHd-H`IL-0L1cS9NbAXdP",
      "match": "DhXze"
    },
    "id": "9`XR>eA[-E=:P-9X@M-@=HC-\\5_UZa@QIE[J"
  },
  {
    "status": "ok",
    "customer": {
      "customer": "5Pa",
      "id": "M[78Aad5-MZ;7-A=]N-J@U2-9W4=bK;VXJ?M",
      "match": "f4B9h"
    },
    "id": "Q^@8L>P>-@Z_M-fQ2J-b<7b-]Fc6NKGJ??HP"
  },
  {
    "status": "error",
    "message": "PaG"
  },
  {
    "status": "error",
    "message": "O15N"
  },
  {
    "status": "ok",
    "customer": {
      "customer": "QT4mt",
      "id": "a\\L3?I>8-6b_D-03ET-S>3e-[5GD8f@S65><",
      "match": "2R8b"
    },
    "id": "0U7;_WDH-HCV1-D6V<-3LXI-@C\\bEFH^KH4b"
  },
  {
    "status": "ok",
    "customer": {
      "customer": "1EDI",
      "id": ";FBQGT6?-V2PU-JU4Y-\\>c:-:_@bI\\cTMAWP",
      "match": "Y64"
    },
    "id": "f[aS_];d-?`2>-]:EY-SWP<-\\_=HKLOc;[_S"
  },
  {
    "status": "ok",
    "customer": {
      "customer": "IedV",
      "id": "J_:=GNOb-8_S;-^3YZ-PO;H-]<MW@;R7Q<a@",
      "match": "JhQ"
    },
    "id": ">\\4Z7N@W-\\dYO-^dR:-HY8a-@_ZAe<C9abE3"
  },
  {
    "status": "error",
    "message": "wsgb"
  },
  {
    "status": "error",
    "message": "L64h"
  }
]
