[
  {
    "status": "error",
    "message": "9pe"
  },
  {
    "status": "ok",
    "total": 0,
    "severityCounts": 0,
    "statusCounts": 0
  },
  {
    "status": "ok",
    "total": 0,
    "severityCounts": 0,
    "statusCounts": 0
  },
  {
    "status": "ok",
    "message": "5Ee",
    "total": 0,
    "severityCounts": 0,
    "statusCounts": 0
  },
  {
    "status": "error",
    "message": "dt4"
  },
  {
    "status": "ok",
    "message": "WVO",
    "total": 0,
    "severityCounts": 0,
    "statusCounts": 0
  },
  {
    "status": "ok",
    "total": 0,
    "severityCounts": 0,
    "statusCounts": 0
  },
  {
    "status": "ok",
    "total": 0,
    "severityCounts": 0,
    "statusCounts": 0
  },
  {
    "status": "ok",
    "message": "VUA",
    "total": 0,
    "severityCounts": 0,
    "statusCounts": 0
  },
  {
    "status": "ok",
    "message": "oFR",
    "total": 0,
    "severityCounts": 0,
    "statusCounts": 0
  }
]
