[
  {
    "status": "ok",
    "heartbeat": {
      "createTime": "1998-11-30T01:58:02Z",
      "customer": "M7t",
      "href": "ecI",
      "id": "5=T4<T:[-KD=L-GJIB-_=:7-Z1]?`dH^eYC>",
      "origin": "KB2",
      "receiveTime": "1987-11-29T00:09:44Z",
      "tags": [],
      "timeout": 0,
      "type": "Z65"
    },
    "id": "5VPAe4^c-Z^[6-\\Z=8-;:X8-:0?8ST\\A[;\\I"
  },
  {
    "status": "ok",
    "heartbeat": {
      "createTime": "1979-08-21T00:08:56Z",
      "customer": "axU",
      "href": "3io",
      "id": "C5UFI0=H-VbU^-5W1]-NPO>-I<S[W?3SbcMb",
      "origin": "C9C",
      "receiveTime": "2023-01-14T02:09:39Z",
      "tags": [],
      "timeout": 0,
      "type": "b4v"
    },
    "id": "MG7VF\\IS-<2;Z-NdX;-<Zf?-:B>\\G[447O6N"
  },
  {
    "status": "ok",
    "heartbeat": {
      "createTime": "2035-05-11T01:57:26Z",
      "customer": "8wN",
      "href": "0a8",
      "id": "Z5I;E?`Z-9\\[2-4LH[-V[EY-DbGAO;>;?FWH",
      "origin": "tvy",
      "receiveTime": "2045-11-11T01:11:10Z",
      "tags": [],
      "timeout": 0,
      "type": "0Vs"
    },
    "id": "QU5;_Mc]-JZLP-<dM2-FYDP-fNG9UC\\dJaBC"
  },
  {
    "status": "ok",
    "heartbeat": {
      "createTime": "2047-04-30T01:24:10Z",
      "customer": "QKy",
      "href": "UH2",
      "id": "_I^82W@f-Bd;M-MaJN-cCX2-O`7NBL@LT2G>",
      "origin": "Pa7",
      "receiveTime": "2047-05-20T01:14:06Z",
      "tags": [],
      "timeout": 0,
      "type": "2W5"
    },
    "id": "2WP7UR;`-57eK-II`6-PZZX-]4`2df0L=Z4I"
  },
  {
    "status": "error",
    "message": "vFf"
  },
  {
    "status": "error",
    "message": "udP"
  },
  {
    "status": "ok",
    "heartbeat": {
      "createTime": "2011-08-22T01:30:45Z",
      "href": "fVw",
      "id": "cK\\IUC6N-3MK5-1fV9-2JW<-X8a46HMPfcU1",
      "origin": "TUu",
      "receiveTime": "2021-10-12T01:01:28Z",
      "tags": [],
      "timeout": 0,
      "type": "Jbe"
    },
    "id": ";_1ZL`0\\->54Y-KRC0-LaQ<-b:KGRG89EFN1"
  },
  {
    "status": "error",
    "message": "eOO"
  },
  {
    "status": "error",
    "message": "1lt"
  },
  {
    "status": "ok",
    "heartbeat": {
      "createTime": "2052-09-01T00:25:09Z",
      "customer": "SpH",
      "href": "vPz",
      "id": "C9Z<W9ac-E\\3G-a36H-:R10-d0ea2IAS04ZV",
      "origin": "loi",
      "receiveTime": "2049-12-12T00:20:48Z",
      "tags": [],
      "timeout": 0,
      "type": "qCb"
    },
    "id": "M3L4fLZ`-Q;T>-aX\\@-\\DMZ-6YaBXcIX7X2U"
  }
]