[{"status":"ok"},{"status":"error","":"7I7"},{"status":"error","":"wbH"},{"status":"error","":"C6q"},{"status":"ok"},{"status":"ok"},{"status":"ok"},{"status":"error","":"81b"},{"status":"error","":"WXZ"},{"status":"error","":"ts3"}]