[{"status":"ok","id":"4XadO13_-b:C9-YRQT-_EMJ-@N?<GOb2KYQV","user":{"createTime":"2034-01-01T01:31:47Z","id":"^=1Yee`V-@]Z8-d9L2-]@DI-T=3[=>^EcOZ5","name":"7k3","provider":"ifD","login":"lYa@Wv.net","text":"nno","email_verified":true}},{"status":"ok","id":"PK1V^>e2-Vb2Y-^BPJ-XPUB-3:fN=eYRc1db","user":{"createTime":"2024-01-12T01:23:16Z","id":"E<f9S0;6-?5O@-N2[Q-0>TU-UZWYN`H1=6G=","name":"7s9","provider":"skW","login":"s7i@q5.net","text":"mky","email_verified":false}},{"status":"error","message":"URt"},{"status":"error","message":"LQo"},{"status":"error","message":"vkY"},{"status":"ok","id":"];MHa37P-fX`Q-U_fQ-RJY<-;MeQ@7FO`2\\N","user":{"createTime":"2010-05-17T02:15:02Z","id":"RW:M2`5e-dEMQ-?SXI-d4=a-[8Y65T9cXACU","name":"pCM","provider":"nXM","login":"PgA@xL.com","text":"LOv","email_verified":false}},{"status":"ok","id":"^\\b:?Ncb-_8f2-918O-GFY9-ecJ3Q]D>AF9=","user":{"createTime":"2017-06-21T02:02:07Z","id":"@df8e0Sd-QCUA-a>73-<6W2-;a@JYL_BYW]\\","name":"lS9","provider":"yeV","login":"s7X@Jo.com","text":"WrX","email_verified":true}},{"status":"ok","id":"?ZT7R7A3-]SB2-^VLS-XZ>b-=3cTS`=[>:DB","user":{"createTime":"2054-05-17T01:39:16Z","id":"ZLV@RN>X-c<ML-ZNQ2-S\\df-dTDGD4>CX`bG","name":"D3S","provider":"sK5","login":"gcB@RC.org","text":"HrC","email_verified":false}},{"status":"ok","id":"5?Yb_LbO-]^bH-<Qd3-`af5-Ac`AL3?PeBeE","user":{"createTime":"1985-08-19T02:12:51Z","id":"ZPIOf[\\>-U4aQ-L_Z>-d2:Q-[b5TQ<[c<IZ8","name":"U9C","provider":"eV7","login":"oKx@ZG.org","text":"a81","email_verified":true}},{"status":"ok","id":"EFeXAIUb-XbEQ-9cNY-_d>7-ELG7J@R86bLK","user":{"createTime":"2035-08-01T01:41:05Z","id":"CPE1Oc7b-:L[E-Uf\\Z-`XKS-_WVPI]88Z0N2","name":"X2N","provider":"dEY","login":"nbs@MK.net","text":"vtu","email_verified":false}}]