[
  {
    "status": "ok",
    "data": {
      "count": 0,
      "customer": "8ZIoJ",
      "expireTime": "2054-02-11T05:21:17Z",
      "key": "X8pBhK8hCwlfKQ3p9pak0VL0z-aGGSZDrs4sayw1",
      "lastUsedTime": "1996-10-18T01:24:58Z",
      "text": "7Cq",
      "type": "read-write",
      "user": "Kxlk@Czl.net"
    },
    "key": "MEYNIQ0pwNHGJ17mRnG5ii8sxqsyW9k-NbhVKRpi"
  },
  {
    "status": "ok",
    "data": {
      "count": 0,
      "expireTime": "1982-06-24T04:12:30Z",
      "key": "vuWM86-G8rIqcJ0gZKMzQM69O7PzFKJFOaeD0e8o",
      "lastUsedTime": "1980-02-27T06:14:05Z",
      "text": "cvXNB",
      "type": "read-write",
      "user": "JmTu@uF.org"
    },
    "key": "aVanHxw7mTzngJL22HH3IiyoQUZCAbsZ6UGsSol8"
  },
  {
    "status": "ok",
    "data": {
      "count": 1,
      "customer": "Vn8Zt",
      "expireTime": "1991-12-10T01:19:16Z",
      "key": "-DSyomnxXYEe6sYWeqrpxnFFkUvM8xRStQr50GTC",
      "lastUsedTime": "1991-07-25T06:34:29Z",
      "text": "TXfu9",
      "type": "read-write",
      "user": "Cc4@1y.com"
    },
    "key": "b-UcHCs_gXBK165uK2F7LdAAqvs5Foa1y5N0w8dA"
  },
  {
    "status": "ok",
    "data": {
      "count": 1,
      "customer": "chwJL",
      "expireTime": "2040-08-18T02:20:41Z",
      "key": "OZYHOcl8YXCog_5DbTDZHHx44uxHL3if6EBw7f3n",
      "lastUsedTime": "2043-05-08T00:19:46Z",
      "text": "kRgiJ",
      "type": "read-write",
      "user": "R15R@xdk.com"
    },
    "key": "h6yW9Fb2uUnR3qc3uL2c10v6fTWYHHCNi6-agLOv"
  },
  {
    "status": "error",
    "message": "1tY"
  },
  {
    "status": "error",
    "message": "ilp"
  },
  {
    "status": "error",
    "message": "B31Y"
  },
  {
    "status": "error",
    "message": "mTQd"
  },
  {
    "status": "ok",
    "data": {
      "count": 1,
      "customer": "IZu",
      "expireTime": "1980-07-04T05:46:32Z",
      "key": "-MvxZF5B5e8qc_Sxng5Afr-qy-LO-DR08Jwalq4H",
      "lastUsedTime": "1977-05-16T07:07:56Z",
      "text": "nBYE",
      "type": "read-write",
      "user": "ocww@HD4.com.au"
    },
    "key": "4Ogdz_KHSsq1z6FOVSnpPp4HMDEFV8B1_o4QzcUH"
  },
  {
    "status": "ok",
    "data": {
      "count": 0,
      "customer": "w60s",
      "expireTime": "2005-07-18T03:15:58Z",
      "key": "aRYHXKk_gha_1kTDCxTuK_AfK3ZLPCut_URQx0-Q",
      "text": "w5WP",
      "type": "read-write",
      "user": "vhN3Z@b5oH.com.au"
    },
    "key": "WEcKzXkNPazE61qtK3SIxbqMVVfqixpg6ygm0Ia-"
  }
]
