[
  {
    "status": "ok"
  },
  {
    "status": "ok"
  },
  {
    "status": "error",
    "message": "McB"
  },
  {
    "status": "ok"
  },
  {
    "status": "error",
    "message": "zz5o"
  },
  {
    "status": "error",
    "message": "LtDLo"
  },
  {
    "status": "error",
    "message": "Hb8Ba"
  },
  {
    "status": "error",
    "message": "wEl"
  },
  {
    "status": "error",
    "message": "zUO2s"
  },
  {
    "status": "error",
    "message": "JN9ob"
  }
]
