[
  "admin",
  "user",
  "admin",
  "user",
  "admin",
  "user",
  "user",
  "admin",
  "admin",
  "user"
]
