[{"count":0,"environment":"ZAt","service":"wQp"},{"count":0,"environment":"6Yu","service":"h5k"},{"count":0,"environment":"6Ud","service":"Qmh"},{"count":0,"environment":"37r","service":"soN"},{"count":0,"environment":"Ypn","service":"7RU"},{"count":0,"environment":"rBW","service":"vZY"},{"count":0,"environment":"DLI","service":"H88"},{"count":0,"environment":"5lK","service":"os8"},{"count":0,"environment":"vWA","service":"AOw"},{"count":0,"environment":"qRx","service":"q0S"}]