[
  {
    "status": "open",
    "text": "x8q"
  },
  {
    "status": "ack",
    "text": "Dbu"
  },
  {
    "status": "assign",
    "text": "OzH"
  },
  {
    "status": "open"
  },
  {
    "status": "closed",
    "text": "qrH"
  },
  {
    "status": "assign",
    "text": "W39"
  },
  {
    "status": "unknown",
    "text": "Vo7"
  },
  {
    "status": "expired",
    "text": "FyZ"
  },
  {
    "status": "closed",
    "text": "HYb"
  },
  {
    "status": "assign",
    "text": "5M9"
  }
]
