[{"count":0,"duplicateCount":0,"environments":[],"services":[],"resources":[]},{"count":0,"duplicateCount":0,"environments":[],"services":[],"resources":[]},{"count":0,"duplicateCount":0,"environments":[],"services":[],"resources":[]},{"count":0,"duplicateCount":0,"environments":[],"services":[],"resources":[]},{"count":0,"duplicateCount":0,"environments":[],"services":[],"resources":[]},{"count":0,"duplicateCount":0,"environments":[],"services":[],"resources":[]},{"count":0,"duplicateCount":0,"environments":[],"services":[],"resources":[]},{"count":0,"duplicateCount":0,"environments":[],"services":[],"resources":[]},{"count":0,"duplicateCount":0,"environments":[],"services":[],"resources":[]},{"count":0,"duplicateCount":0,"environments":[],"services":[],"resources":[]}]