[
  {
    "emailVerified": false,
    "login": "34CFc@3O.net",
    "name": "0rRL",
    "password": "RYs2x",
    "provider": "NSe",
    "text": "vXHP"
  },
  {
    "emailVerified": false,
    "login": "nqhuS@Cz.net",
    "name": "idCm",
    "password": "EPv45",
    "provider": "5Muw",
    "text": "40u"
  },
  {
    "emailVerified": true,
    "login": "D4Z@X3gi.com",
    "name": "281",
    "password": "S52",
    "provider": "fnWAx",
    "text": "5Q13x"
  },
  {
    "emailVerified": true,
    "login": "6XGM@I5Xy.com.au",
    "name": "ySkn",
    "password": "x7W",
    "provider": "MXA",
    "text": "5XI"
  },
  {
    "emailVerified": false,
    "login": "ZIt@T6.com",
    "name": "OZB",
    "password": "VnVgg",
    "provider": "tLW",
    "text": "wNJCz"
  },
  {
    "emailVerified": false,
    "login": "GJ5Cc@0i.org",
    "name": "a2ZvA",
    "password": "0IE",
    "text": "QMIZ"
  },
  {
    "login": "a4m@mU.com",
    "name": "3IN1g",
    "password": "pZf",
    "provider": "2ILl",
    "text": "VNOkg"
  },
  {
    "emailVerified": true,
    "login": "tszU@qmR.com.au",
    "name": "zzL0",
    "password": "eOpP",
    "provider": "6t6X",
    "text": "iTbw"
  },
  {
    "emailVerified": false,
    "login": "JPQLu@bd.com",
    "name": "CMSr",
    "password": "zIN4K",
    "provider": "gwrU",
    "text": "4CH"
  },
  {
    "emailVerified": true,
    "login": "6CG@4RJ.net",
    "name": "RPM",
    "password": "eFzK",
    "provider": "eRBN",
    "text": "RYu"
  }
]
