[
  {
    "createTime": "2001-11-01T02:06:46Z",
    "email_verified": false,
    "id": "9Vc==0:T-d_9W-aE^7-5Zf[-]1^J?8;9L_<^",
    "login": "S20@tH.net",
    "name": "qxn",
    "provider": "8Fc",
    "text": "hn3"
  },
  {
    "createTime": "1985-02-25T00:25:38Z",
    "email_verified": false,
    "id": "DB^;F:R0-fT=;-31PK-e7;[-a>f<NdMAeD;0",
    "login": "kbo@GF.org",
    "name": "p3S",
    "provider": "30t",
    "text": "XXv"
  },
  {
    "createTime": "2023-08-24T01:47:30Z",
    "email_verified": false,
    "id": "QBUBTUOP-[;D0-;6fc-dYY<-U4<NNQc7IQ[_",
    "login": "mGx@RE.com.au",
    "name": "4vu",
    "provider": "lvt",
    "text": "g1u"
  },
  {
    "createTime": "1984-04-18T01:36:38Z",
    "email_verified": false,
    "id": "G=bB_Ze?-55@D-2eI7-U[C]-ZRW=\\`eb4<E@",
    "login": "oD5@9R.com",
    "name": "fPM",
    "provider": "MaK",
    "text": "I0F"
  },
  {
    "createTime": "2002-02-22T00:00:24Z",
    "email_verified": false,
    "id": "3O6`8B65-REMM-Q14@-B5eS-PEA^[2_[9Gc0",
    "login": "YOu@E8.com",
    "name": "wNv",
    "provider": "FT2",
    "text": "SJw"
  },
  {
    "createTime": "2036-04-23T01:46:57Z",
    "email_verified": false,
    "id": "7F7B[U7M-^ObG-8\\1Z-6Q1?-N1O2=HfY8E\\A",
    "login": "YLU@GI.net",
    "name": "knY",
    "provider": "Vff",
    "text": "g8w"
  },
  {
    "createTime": "2044-03-12T00:58:45Z",
    "email_verified": false,
    "id": "LZ03MB2G-JM`Z-O==H-:bX]-STS04CR<YW8F",
    "login": "AFT@lf.org",
    "name": "1Vf",
    "provider": "66d",
    "text": "STf"
  },
  {
    "createTime": "1974-06-05T01:12:47Z",
    "email_verified": true,
    "id": "b_VB;MWO-b\\0M-_V5e-FRLR-EV>C6>THKDBO",
    "login": "Qr8@Sf.com",
    "name": "vkf",
    "provider": "z0S",
    "text": "Hl6"
  },
  {
    "createTime": "2019-11-28T01:01:05Z",
    "email_verified": true,
    "id": "L^FaI`RZ-0JIM-A71\\-3dL:-O@BD\\@cdX7dL",
    "login": "Xor@tH.com",
    "name": "LFY",
    "provider": "rsS",
    "text": "WvM"
  },
  {
    "createTime": "2058-02-15T00:44:45Z",
    "email_verified": false,
    "id": "Td9NHWV8-IBdF-_0JG-9G6Y-@EVR<?Zf<Q7`",
    "login": "pvV@CR.org",
    "name": "Q07",
    "provider": "PW5",
    "text": "pws"
  }
]
