[
  "2035-10-16T06:25:01Z",
  "1987-10-16T07:06:28Z",
  "1985-03-03T01:21:06Z",
  "2005-12-20T06:19:33Z",
  "2040-03-15T03:30:59Z",
  "2008-12-13T00:17:50Z",
  "2024-10-29T04:07:59Z",
  "2007-06-06T06:53:15Z",
  "2031-03-11T02:55:34Z",
  "2027-04-26T02:16:24Z"
]
